Archive member included to satisfy reference by file (symbol)

/opt/st/stm32cubeide_1.10.1/plugins/com.st.stm32cube.ide.mcu.externaltools.gnu-tools-for-stm32.10.3-2021.10.linux64_1.0.0.202111181127/tools/bin/../lib/gcc/arm-none-eabi/10.3.1/../../../../arm-none-eabi/lib/thumb/v7e-m+fp/hard/libstdc++_nano.a(guard.o)
                              ./modules/src/spi_module.o (__cxa_guard_acquire)
/opt/st/stm32cubeide_1.10.1/plugins/com.st.stm32cube.ide.mcu.externaltools.gnu-tools-for-stm32.10.3-2021.10.linux64_1.0.0.202111181127/tools/bin/../lib/gcc/arm-none-eabi/10.3.1/../../../../arm-none-eabi/lib/thumb/v7e-m+fp/hard/libc_nano.a(lib_a-assert.o)
                              ./Middleware/littleFS/src/lfs.o (__assert_func)
/opt/st/stm32cubeide_1.10.1/plugins/com.st.stm32cube.ide.mcu.externaltools.gnu-tools-for-stm32.10.3-2021.10.linux64_1.0.0.202111181127/tools/bin/../lib/gcc/arm-none-eabi/10.3.1/../../../../arm-none-eabi/lib/thumb/v7e-m+fp/hard/libc_nano.a(lib_a-errno.o)
                              ./Core/Src/syscalls.o (__errno)
/opt/st/stm32cubeide_1.10.1/plugins/com.st.stm32cube.ide.mcu.externaltools.gnu-tools-for-stm32.10.3-2021.10.linux64_1.0.0.202111181127/tools/bin/../lib/gcc/arm-none-eabi/10.3.1/../../../../arm-none-eabi/lib/thumb/v7e-m+fp/hard/libc_nano.a(lib_a-exit.o)
                              /opt/st/stm32cubeide_1.10.1/plugins/com.st.stm32cube.ide.mcu.externaltools.gnu-tools-for-stm32.10.3-2021.10.linux64_1.0.0.202111181127/tools/bin/../lib/gcc/arm-none-eabi/10.3.1/../../../../arm-none-eabi/lib/thumb/v7e-m+fp/hard/crt0.o (exit)
/opt/st/stm32cubeide_1.10.1/plugins/com.st.stm32cube.ide.mcu.externaltools.gnu-tools-for-stm32.10.3-2021.10.linux64_1.0.0.202111181127/tools/bin/../lib/gcc/arm-none-eabi/10.3.1/../../../../arm-none-eabi/lib/thumb/v7e-m+fp/hard/libc_nano.a(lib_a-fprintf.o)
                              /opt/st/stm32cubeide_1.10.1/plugins/com.st.stm32cube.ide.mcu.externaltools.gnu-tools-for-stm32.10.3-2021.10.linux64_1.0.0.202111181127/tools/bin/../lib/gcc/arm-none-eabi/10.3.1/../../../../arm-none-eabi/lib/thumb/v7e-m+fp/hard/libc_nano.a(lib_a-assert.o) (fiprintf)
/opt/st/stm32cubeide_1.10.1/plugins/com.st.stm32cube.ide.mcu.externaltools.gnu-tools-for-stm32.10.3-2021.10.linux64_1.0.0.202111181127/tools/bin/../lib/gcc/arm-none-eabi/10.3.1/../../../../arm-none-eabi/lib/thumb/v7e-m+fp/hard/libc_nano.a(lib_a-impure.o)
                              /opt/st/stm32cubeide_1.10.1/plugins/com.st.stm32cube.ide.mcu.externaltools.gnu-tools-for-stm32.10.3-2021.10.linux64_1.0.0.202111181127/tools/bin/../lib/gcc/arm-none-eabi/10.3.1/../../../../arm-none-eabi/lib/thumb/v7e-m+fp/hard/libc_nano.a(lib_a-exit.o) (_global_impure_ptr)
/opt/st/stm32cubeide_1.10.1/plugins/com.st.stm32cube.ide.mcu.externaltools.gnu-tools-for-stm32.10.3-2021.10.linux64_1.0.0.202111181127/tools/bin/../lib/gcc/arm-none-eabi/10.3.1/../../../../arm-none-eabi/lib/thumb/v7e-m+fp/hard/libc_nano.a(lib_a-init.o)
                              /opt/st/stm32cubeide_1.10.1/plugins/com.st.stm32cube.ide.mcu.externaltools.gnu-tools-for-stm32.10.3-2021.10.linux64_1.0.0.202111181127/tools/bin/../lib/gcc/arm-none-eabi/10.3.1/../../../../arm-none-eabi/lib/thumb/v7e-m+fp/hard/crt0.o (__libc_init_array)
/opt/st/stm32cubeide_1.10.1/plugins/com.st.stm32cube.ide.mcu.externaltools.gnu-tools-for-stm32.10.3-2021.10.linux64_1.0.0.202111181127/tools/bin/../lib/gcc/arm-none-eabi/10.3.1/../../../../arm-none-eabi/lib/thumb/v7e-m+fp/hard/libc_nano.a(lib_a-malloc.o)
                              ./Middleware/littleFS/src/lfs.o (malloc)
/opt/st/stm32cubeide_1.10.1/plugins/com.st.stm32cube.ide.mcu.externaltools.gnu-tools-for-stm32.10.3-2021.10.linux64_1.0.0.202111181127/tools/bin/../lib/gcc/arm-none-eabi/10.3.1/../../../../arm-none-eabi/lib/thumb/v7e-m+fp/hard/libc_nano.a(lib_a-memcmp.o)
                              ./Middleware/littleFS/src/lfs.o (memcmp)
/opt/st/stm32cubeide_1.10.1/plugins/com.st.stm32cube.ide.mcu.externaltools.gnu-tools-for-stm32.10.3-2021.10.linux64_1.0.0.202111181127/tools/bin/../lib/gcc/arm-none-eabi/10.3.1/../../../../arm-none-eabi/lib/thumb/v7e-m+fp/hard/libc_nano.a(lib_a-memcpy-stub.o)
                              ./Middleware/littleFS/src/lfs.o (memcpy)
/opt/st/stm32cubeide_1.10.1/plugins/com.st.stm32cube.ide.mcu.externaltools.gnu-tools-for-stm32.10.3-2021.10.linux64_1.0.0.202111181127/tools/bin/../lib/gcc/arm-none-eabi/10.3.1/../../../../arm-none-eabi/lib/thumb/v7e-m+fp/hard/libc_nano.a(lib_a-memset.o)
                              /opt/st/stm32cubeide_1.10.1/plugins/com.st.stm32cube.ide.mcu.externaltools.gnu-tools-for-stm32.10.3-2021.10.linux64_1.0.0.202111181127/tools/bin/../lib/gcc/arm-none-eabi/10.3.1/../../../../arm-none-eabi/lib/thumb/v7e-m+fp/hard/crt0.o (memset)
/opt/st/stm32cubeide_1.10.1/plugins/com.st.stm32cube.ide.mcu.externaltools.gnu-tools-for-stm32.10.3-2021.10.linux64_1.0.0.202111181127/tools/bin/../lib/gcc/arm-none-eabi/10.3.1/../../../../arm-none-eabi/lib/thumb/v7e-m+fp/hard/libc_nano.a(lib_a-nano-freer.o)
[...]
Memory Configuration

Name             Origin             Length             Attributes
CCMRAM           0x0000000010000000 0x0000000000010000 xrw
RAM              0x0000000020000000 0x0000000000030000 xrw
FLASH            0x0000000008000000 0x0000000000200000 xr
*default*        0x0000000000000000 0xffffffffffffffff

Linker script and memory map

LOAD /opt/st/stm32cubeide_1.10.1/plugins/com.st.stm32cube.ide.mcu.externaltools.gnu-tools-for-stm32.10.3-2021.10.linux64_1.0.0.202111181127/tools/bin/../lib/gcc/arm-none-eabi/10.3.1/thumb/v7e-m+fp/hard/crti.o
LOAD /opt/st/stm32cubeide_1.10.1/plugins/com.st.stm32cube.ide.mcu.externaltools.gnu-tools-for-stm32.10.3-2021.10.linux64_1.0.0.202111181127/tools/bin/../lib/gcc/arm-none-eabi/10.3.1/thumb/v7e-m+fp/hard/crtbegin.o
LOAD /opt/st/stm32cubeide_1.10.1/plugins/com.st.stm32cube.ide.mcu.externaltools.gnu-tools-for-stm32.10.3-2021.10.linux64_1.0.0.202111181127/tools/bin/../lib/gcc/arm-none-eabi/10.3.1/../../../../arm-none-eabi/lib/thumb/v7e-m+fp/hard/crt0.o
LOAD ./Core/Src/main.o
LOAD ./Core/Src/stm32f4xx_hal_msp.o
LOAD ./Core/Src/stm32f4xx_it.o
LOAD ./Core/Src/syscalls.o
LOAD ./Core/Src/sysmem.o
LOAD ./Core/Src/system_stm32f4xx.o
LOAD ./Core/Startup/startup_stm32f429zitx.o
LOAD ./Drivers/STM32F4xx_HAL_Driver/Src/stm32f4xx_hal.o
LOAD ./Drivers/STM32F4xx_HAL_Driver/Src/stm32f4xx_hal_cortex.o
LOAD ./Drivers/STM32F4xx_HAL_Driver/Src/stm32f4xx_hal_dma.o
LOAD ./Drivers/STM32F4xx_HAL_Driver/Src/stm32f4xx_hal_dma_ex.o
LOAD ./Drivers/STM32F4xx_HAL_Driver/Src/stm32f4xx_hal_exti.o
LOAD ./Drivers/STM32F4xx_HAL_Driver/Src/stm32f4xx_hal_flash.o
LOAD ./Drivers/STM32F4xx_HAL_Driver/Src/stm32f4xx_hal_flash_ex.o
LOAD ./Drivers/STM32F4xx_HAL_Driver/Src/stm32f4xx_hal_flash_ramfunc.o
LOAD ./Drivers/STM32F4xx_HAL_Driver/Src/stm32f4xx_hal_gpio.o
LOAD ./Drivers/STM32F4xx_HAL_Driver/Src/stm32f4xx_hal_pwr.o
LOAD ./Drivers/STM32F4xx_HAL_Driver/Src/stm32f4xx_hal_pwr_ex.o
LOAD ./Drivers/STM32F4xx_HAL_Driver/Src/stm32f4xx_hal_rcc.o
LOAD ./Drivers/STM32F4xx_HAL_Driver/Src/stm32f4xx_hal_rcc_ex.o
LOAD ./Drivers/STM32F4xx_HAL_Driver/Src/stm32f4xx_hal_spi.o
LOAD ./Drivers/STM32F4xx_HAL_Driver/Src/stm32f4xx_hal_tim.o
LOAD ./Drivers/STM32F4xx_HAL_Driver/Src/stm32f4xx_hal_tim_ex.o
LOAD ./Drivers/STM32F4xx_HAL_Driver/Src/stm32f4xx_hal_uart.o
LOAD ./Middleware/littleFS/src/lfs.o
LOAD ./Middleware/littleFS/src/lfs_util.o
LOAD ./modules/src/W25Qx_module.o
LOAD ./modules/src/gpio_module.o
LOAD ./modules/src/littleFSInterface.o
LOAD ./modules/src/spi_module.o
LOAD ./project_cpp/src/project_cpp.o
START GROUP
LOAD /opt/st/stm32cubeide_1.10.1/plugins/com.st.stm32cube.ide.mcu.externaltools.gnu-tools-for-stm32.10.3-2021.10.linux64_1.0.0.202111181127/tools/bin/../lib/gcc/arm-none-eabi/10.3.1/../../../../arm-none-eabi/lib/thumb/v7e-m+fp/hard/libstdc++_nano.a
LOAD /opt/st/stm32cubeide_1.10.1/plugins/com.st.stm32cube.ide.mcu.externaltools.gnu-tools-for-stm32.10.3-2021.10.linux64_1.0.0.202111181127/tools/bin/../lib/gcc/arm-none-eabi/10.3.1/../../../../arm-none-eabi/lib/thumb/v7e-m+fp/hard/libsupc++_nano.a
END GROUP
LOAD /opt/st/stm32cubeide_1.10.1/plugins/com.st.stm32cube.ide.mcu.externaltools.gnu-tools-for-stm32.10.3-2021.10.linux64_1.0.0.202111181127/tools/bin/../lib/gcc/arm-none-eabi/10.3.1/../../../../arm-none-eabi/lib/thumb/v7e-m+fp/hard/libstdc++_nano.a
LOAD /opt/st/stm32cubeide_1.10.1/plugins/com.st.stm32cube.ide.mcu.externaltools.gnu-tools-for-stm32.10.3-2021.10.linux64_1.0.0.202111181127/tools/bin/../lib/gcc/arm-none-eabi/10.3.1/../../../../arm-none-eabi/lib/thumb/v7e-m+fp/hard/libm.a
LOAD /opt/st/stm32cubeide_1.10.1/plugins/com.st.stm32cube.ide.mcu.externaltools.gnu-tools-for-stm32.10.3-2021.10.linux64_1.0.0.202111181127/tools/bin/../lib/gcc/arm-none-eabi/10.3.1/../../../../arm-none-eabi/lib/thumb/v7e-m+fp/hard/libc_nano.a
START GROUP
LOAD /opt/st/stm32cubeide_1.10.1/plugins/com.st.stm32cube.ide.mcu.externaltools.gnu-tools-for-stm32.10.3-2021.10.linux64_1.0.0.202111181127/tools/bin/../lib/gcc/arm-none-eabi/10.3.1/thumb/v7e-m+fp/hard/libgcc.a
LOAD /opt/st/stm32cubeide_1.10.1/plugins/com.st.stm32cube.ide.mcu.externaltools.gnu-tools-for-stm32.10.3-2021.10.linux64_1.0.0.202111181127/tools/bin/../lib/gcc/arm-none-eabi/10.3.1/../../../../arm-none-eabi/lib/thumb/v7e-m+fp/hard/libc_nano.a
END GROUP
START GROUP
LOAD /opt/st/stm32cubeide_1.10.1/plugins/com.st.stm32cube.ide.mcu.externaltools.gnu-tools-for-stm32.10.3-2021.10.linux64_1.0.0.202111181127/tools/bin/../lib/gcc/arm-none-eabi/10.3.1/thumb/v7e-m+fp/hard/libgcc.a
LOAD /opt/st/stm32cubeide_1.10.1/plugins/com.st.stm32cube.ide.mcu.externaltools.gnu-tools-for-stm32.10.3-2021.10.linux64_1.0.0.202111181127/tools/bin/../lib/gcc/arm-none-eabi/10.3.1/../../../../arm-none-eabi/lib/thumb/v7e-m+fp/hard/libc_nano.a
LOAD /opt/st/stm32cubeide_1.10.1/plugins/com.st.stm32cube.ide.mcu.externaltools.gnu-tools-for-stm32.10.3-2021.10.linux64_1.0.0.202111181127/tools/bin/../lib/gcc/arm-none-eabi/10.3.1/../../../../arm-none-eabi/lib/thumb/v7e-m+fp/hard/libnosys.a
END GROUP
START GROUP
LOAD /opt/st/stm32cubeide_1.10.1/plugins/com.st.stm32cube.ide.mcu.externaltools.gnu-tools-for-stm32.10.3-2021.10.linux64_1.0.0.202111181127/tools/bin/../lib/gcc/arm-none-eabi/10.3.1/thumb/v7e-m+fp/hard/libgcc.a
LOAD /opt/st/stm32cubeide_1.10.1/plugins/com.st.stm32cube.ide.mcu.externaltools.gnu-tools-for-stm32.10.3-2021.10.linux64_1.0.0.202111181127/tools/bin/../lib/gcc/arm-none-eabi/10.3.1/../../../../arm-none-eabi/lib/thumb/v7e-m+fp/hard/libc_nano.a
LOAD /opt/st/stm32cubeide_1.10.1/plugins/com.st.stm32cube.ide.mcu.externaltools.gnu-tools-for-stm32.10.3-2021.10.linux64_1.0.0.202111181127/tools/bin/../lib/gcc/arm-none-eabi/10.3.1/../../../../arm-none-eabi/lib/thumb/v7e-m+fp/hard/libnosys.a
END GROUP
LOAD /opt/st/stm32cubeide_1.10.1/plugins/com.st.stm32cube.ide.mcu.externaltools.gnu-tools-for-stm32.10.3-2021.10.linux64_1.0.0.202111181127/tools/bin/../lib/gcc/arm-none-eabi/10.3.1/thumb/v7e-m+fp/hard/crtend.o
LOAD /opt/st/stm32cubeide_1.10.1/plugins/com.st.stm32cube.ide.mcu.externaltools.gnu-tools-for-stm32.10.3-2021.10.linux64_1.0.0.202111181127/tools/bin/../lib/gcc/arm-none-eabi/10.3.1/thumb/v7e-m+fp/hard/crtn.o
                0x0000000020030000                _estack = (ORIGIN (RAM) + LENGTH (RAM))
                0x0000000000000200                _Min_Heap_Size = 0x200
                0x0000000000000400                _Min_Stack_Size = 0x400

.isr_vector     0x0000000008000000      0x1ac
                0x0000000008000000                . = ALIGN (0x4)
 *(.isr_vector)
 .isr_vector    0x0000000008000000      0x1ac ./Core/Startup/startup_stm32f429zitx.o
                0x0000000008000000                g_pfnVectors
                0x00000000080001ac                . = ALIGN (0x4)

.text           0x00000000080001b0     0xa2f8
                0x00000000080001b0                . = ALIGN (0x4)
 *(.text)
 .text          0x00000000080001b0       0x40 /opt/st/stm32cubeide_1.10.1/plugins/com.st.stm32cube.ide.mcu.externaltools.gnu-tools-for-stm32.10.3-2021.10.linux64_1.0.0.202111181127/tools/bin/../lib/gcc/arm-none-eabi/10.3.1/thumb/v7e-m+fp/hard/crtbegin.o
 .text          0x00000000080001f0       0x10 /opt/st/stm32cubeide_1.10.1/plugins/com.st.stm32cube.ide.mcu.externaltools.gnu-tools-for-stm32.10.3-2021.10.linux64_1.0.0.202111181127/tools/bin/../lib/gcc/arm-none-eabi/10.3.1/../../../../arm-none-eabi/lib/thumb/v7e-m+fp/hard/libc_nano.a(lib_a-strlen.o)
                0x00000000080001f0                strlen
 .text          0x0000000008000200       0xa0 /opt/st/stm32cubeide_1.10.1/plugins/com.st.stm32cube.ide.mcu.externaltools.gnu-tools-for-stm32.10.3-2021.10.linux64_1.0.0.202111181127/tools/bin/../lib/gcc/arm-none-eabi/10.3.1/../../../../arm-none-eabi/lib/thumb/v7e-m+fp/hard/libc_nano.a(lib_a-memchr.o)
                0x0000000008000200                memchr
 .text          0x00000000080002a0       0x30 /opt/st/stm32cubeide_1.10.1/plugins/com.st.stm32cube.ide.mcu.externaltools.gnu-tools-for-stm32.10.3-2021.10.linux64_1.0.0.202111181127/tools/bin/../lib/gcc/arm-none-eabi/10.3.1/thumb/v7e-m+fp/hard/libgcc.a(_aeabi_uldivmod.o)
                0x00000000080002a0                __aeabi_uldivmod
 .text          0x00000000080002d0       0x28 /opt/st/stm32cubeide_1.10.1/plugins/com.st.stm32cube.ide.mcu.externaltools.gnu-tools-for-stm32.10.3-2021.10.linux64_1.0.0.202111181127/tools/bin/../lib/gcc/arm-none-eabi/10.3.1/thumb/v7e-m+fp/hard/libgcc.a(_popcountsi2.o)
                0x00000000080002d0                __popcountsi2
 .text          0x00000000080002f8      0x2d0 /opt/st/stm32cubeide_1.10.1/plugins/com.st.stm32cube.ide.mcu.externaltools.gnu-tools-for-stm32.10.3-2021.10.linux64_1.0.0.202111181127/tools/bin/../lib/gcc/arm-none-eabi/10.3.1/thumb/v7e-m+fp/hard/libgcc.a(_udivmoddi4.o)
                0x00000000080002f8                __udivmoddi4
 .text          0x00000000080005c8        0x4 /opt/st/stm32cubeide_1.10.1/plugins/com.st.stm32cube.ide.mcu.externaltools.gnu-tools-for-stm32.10.3-2021.10.linux64_1.0.0.202111181127/tools/bin/../lib/gcc/arm-none-eabi/10.3.1/thumb/v7e-m+fp/hard/libgcc.a(_dvmd_tls.o)
                0x00000000080005c8                __aeabi_ldiv0
                0x00000000080005c8                __aeabi_idiv0
 *(.text*)
 .text.main     0x00000000080005cc       0x16 ./Core/Src/main.o
                0x00000000080005cc                main
 *fill*         0x00000000080005e2        0x2 
 .text.SystemClock_Config
                0x00000000080005e4       0xc0 ./Core/Src/main.o
                0x00000000080005e4                SystemClock_Config
 .text.MX_GPIO_Init
                0x00000000080006a4      0x244 ./Core/Src/main.o
 .text.Error_Handler
                0x00000000080008e8        0xa ./Core/Src/main.o
                0x00000000080008e8                Error_Handler
 *fill*         0x00000000080008f2        0x2 
 .text.HAL_MspInit
                0x00000000080008f4       0x50 ./Core/Src/stm32f4xx_hal_msp.o
                0x00000000080008f4                HAL_MspInit
 .text.NMI_Handler
                0x0000000008000944        0x6 ./Core/Src/stm32f4xx_it.o
                0x0000000008000944                NMI_Handler
 .text.HardFault_Handler
                0x000000000800094a        0x6 ./Core/Src/stm32f4xx_it.o
                0x000000000800094a                HardFault_Handler
 .text.MemManage_Handler
                0x0000000008000950        0x6 ./Core/Src/stm32f4xx_it.o
                0x0000000008000950                MemManage_Handler
 .text.BusFault_Handler
                0x0000000008000956        0x6 ./Core/Src/stm32f4xx_it.o
                0x0000000008000956                BusFault_Handler
 .text.UsageFault_Handler
                0x000000000800095c        0x6 ./Core/Src/stm32f4xx_it.o
                0x000000000800095c                UsageFault_Handler
 .text.SVC_Handler
                0x0000000008000962        0xe ./Core/Src/stm32f4xx_it.o
                0x0000000008000962                SVC_Handler
 .text.DebugMon_Handler
                0x0000000008000970        0xe ./Core/Src/stm32f4xx_it.o
                0x0000000008000970                DebugMon_Handler
 .text.PendSV_Handler
                0x000000000800097e        0xe ./Core/Src/stm32f4xx_it.o
                0x000000000800097e                PendSV_Handler
 .text.SysTick_Handler
                0x000000000800098c        0xc ./Core/Src/stm32f4xx_it.o
                0x000000000800098c                SysTick_Handler
 .text._getpid  0x0000000008000998       0x10 ./Core/Src/syscalls.o
                0x0000000008000998                _getpid
 .text._kill    0x00000000080009a8       0x20 ./Core/Src/syscalls.o
                0x00000000080009a8                _kill
 .text._exit    0x00000000080009c8       0x14 ./Core/Src/syscalls.o
                0x00000000080009c8                _exit
 .text._read    0x00000000080009dc       0x3a ./Core/Src/syscalls.o
                0x00000000080009dc                _read
 .text._write   0x0000000008000a16       0x38 ./Core/Src/syscalls.o
                0x0000000008000a16                _write
 .text._close   0x0000000008000a4e       0x18 ./Core/Src/syscalls.o
                0x0000000008000a4e                _close
 .text._fstat   0x0000000008000a66       0x20 ./Core/Src/syscalls.o
                0x0000000008000a66                _fstat
 .text._isatty  0x0000000008000a86       0x16 ./Core/Src/syscalls.o
                0x0000000008000a86                _isatty
 .text._lseek   0x0000000008000a9c       0x1a ./Core/Src/syscalls.o
                0x0000000008000a9c                _lseek
 *fill*         0x0000000008000ab6        0x2 
 .text._sbrk    0x0000000008000ab8       0x6c ./Core/Src/sysmem.o
                0x0000000008000ab8                _sbrk
 .text.SystemInit
                0x0000000008000b24       0x24 ./Core/Src/system_stm32f4xx.o
                0x0000000008000b24                SystemInit
 .text.Reset_Handler
                0x0000000008000b48       0x50 ./Core/Startup/startup_stm32f429zitx.o
                0x0000000008000b48                Reset_Handler
 .text.Default_Handler
                0x0000000008000b98        0x2 ./Core/Startup/startup_stm32f429zitx.o
                0x0000000008000b98                RTC_Alarm_IRQHandler
                0x0000000008000b98                HASH_RNG_IRQHandler
                0x0000000008000b98                EXTI2_IRQHandler
                0x0000000008000b98                TIM8_CC_IRQHandler
                0x0000000008000b98                UART8_IRQHandler
                0x0000000008000b98                SPI4_IRQHandler
                0x0000000008000b98                TIM1_CC_IRQHandler
                0x0000000008000b98                DMA2_Stream5_IRQHandler
                0x0000000008000b98                DMA1_Stream5_IRQHandler
                0x0000000008000b98                PVD_IRQHandler
                0x0000000008000b98                SDIO_IRQHandler
                0x0000000008000b98                TAMP_STAMP_IRQHandler
                0x0000000008000b98                CAN2_RX1_IRQHandler
                0x0000000008000b98                EXTI3_IRQHandler
                0x0000000008000b98                TIM8_TRG_COM_TIM14_IRQHandler
                0x0000000008000b98                TIM1_UP_TIM10_IRQHandler
                0x0000000008000b98                TIM8_UP_TIM13_IRQHandler
                0x0000000008000b98                I2C3_ER_IRQHandler
                0x0000000008000b98                EXTI0_IRQHandler
                0x0000000008000b98                I2C2_EV_IRQHandler
                0x0000000008000b98                DMA1_Stream2_IRQHandler
                0x0000000008000b98                CAN1_RX0_IRQHandler
                0x0000000008000b98                FPU_IRQHandler
                0x0000000008000b98                OTG_HS_WKUP_IRQHandler
                0x0000000008000b98                LTDC_ER_IRQHandler
                0x0000000008000b98                CAN2_SCE_IRQHandler
                0x0000000008000b98                DMA2_Stream2_IRQHandler
                0x0000000008000b98                SPI1_IRQHandler
                0x0000000008000b98                TIM6_DAC_IRQHandler
                0x0000000008000b98                TIM1_BRK_TIM9_IRQHandler
                0x0000000008000b98                DCMI_IRQHandler
                0x0000000008000b98                CAN2_RX0_IRQHandler
                0x0000000008000b98                DMA2_Stream3_IRQHandler
                0x0000000008000b98                USART6_IRQHandler
                0x0000000008000b98                USART3_IRQHandler
                0x0000000008000b98                CAN1_RX1_IRQHandler
                0x0000000008000b98                UART5_IRQHandler
                0x0000000008000b98                DMA2_Stream0_IRQHandler
                0x0000000008000b98                TIM4_IRQHandler
                0x0000000008000b98                I2C1_EV_IRQHandler
                0x0000000008000b98                DMA1_Stream6_IRQHandler
                0x0000000008000b98                DMA1_Stream1_IRQHandler
                0x0000000008000b98                UART4_IRQHandler
                0x0000000008000b98                TIM3_IRQHandler
                0x0000000008000b98                RCC_IRQHandler
                0x0000000008000b98                TIM8_BRK_TIM12_IRQHandler
                0x0000000008000b98                Default_Handler
                0x0000000008000b98                EXTI15_10_IRQHandler
                0x0000000008000b98                ADC_IRQHandler
                0x0000000008000b98                DMA1_Stream7_IRQHandler
                0x0000000008000b98                SPI5_IRQHandler
                0x0000000008000b98                TIM7_IRQHandler
                0x0000000008000b98                CAN2_TX_IRQHandler
                0x0000000008000b98                TIM5_IRQHandler
                0x0000000008000b98                DMA2_Stream7_IRQHandler
                0x0000000008000b98                I2C3_EV_IRQHandler
                0x0000000008000b98                EXTI9_5_IRQHandler
                0x0000000008000b98                RTC_WKUP_IRQHandler
                0x0000000008000b98                LTDC_IRQHandler
                0x0000000008000b98                ETH_WKUP_IRQHandler
                0x0000000008000b98                SPI2_IRQHandler
                0x0000000008000b98                OTG_HS_EP1_IN_IRQHandler
                0x0000000008000b98                DMA1_Stream0_IRQHandler
                0x0000000008000b98                CAN1_TX_IRQHandler
                0x0000000008000b98                EXTI4_IRQHandler
                0x0000000008000b98                ETH_IRQHandler
                0x0000000008000b98                OTG_HS_EP1_OUT_IRQHandler
                0x0000000008000b98                WWDG_IRQHandler
                0x0000000008000b98                SPI6_IRQHandler
                0x0000000008000b98                TIM2_IRQHandler
                0x0000000008000b98                OTG_FS_WKUP_IRQHandler
                0x0000000008000b98                TIM1_TRG_COM_TIM11_IRQHandler
                0x0000000008000b98                OTG_HS_IRQHandler
                0x0000000008000b98                DMA2D_IRQHandler
                0x0000000008000b98                EXTI1_IRQHandler
                0x0000000008000b98                UART7_IRQHandler
                0x0000000008000b98                USART2_IRQHandler
                0x0000000008000b98                I2C2_ER_IRQHandler
                0x0000000008000b98                DMA2_Stream1_IRQHandler
                0x0000000008000b98                CAN1_SCE_IRQHandler
                0x0000000008000b98                FLASH_IRQHandler
                0x0000000008000b98                DMA2_Stream4_IRQHandler
                0x0000000008000b98                USART1_IRQHandler
                0x0000000008000b98                OTG_FS_IRQHandler
                0x0000000008000b98                SPI3_IRQHandler
                0x0000000008000b98                DMA1_Stream4_IRQHandler
                0x0000000008000b98                I2C1_ER_IRQHandler
                0x0000000008000b98                FMC_IRQHandler
                0x0000000008000b98                DMA2_Stream6_IRQHandler
                0x0000000008000b98                SAI1_IRQHandler
                0x0000000008000b98                DMA1_Stream3_IRQHandler
 *fill*         0x0000000008000b9a        0x2 
 .text.HAL_Init
                0x0000000008000b9c       0x44 ./Drivers/STM32F4xx_HAL_Driver/Src/stm32f4xx_hal.o
                0x0000000008000b9c                HAL_Init
 .text.HAL_InitTick
                0x0000000008000be0       0x60 ./Drivers/STM32F4xx_HAL_Driver/Src/stm32f4xx_hal.o
                0x0000000008000be0                HAL_InitTick
 .text.HAL_IncTick
                0x0000000008000c40       0x28 ./Drivers/STM32F4xx_HAL_Driver/Src/stm32f4xx_hal.o
                0x0000000008000c40                HAL_IncTick
 .text.HAL_GetTick
                0x0000000008000c68       0x18 ./Drivers/STM32F4xx_HAL_Driver/Src/stm32f4xx_hal.o
                0x0000000008000c68                HAL_GetTick
 .text.__NVIC_SetPriorityGrouping
                0x0000000008000c80       0x48 ./Drivers/STM32F4xx_HAL_Driver/Src/stm32f4xx_hal_cortex.o
 .text.__NVIC_GetPriorityGrouping
                0x0000000008000cc8       0x1c ./Drivers/STM32F4xx_HAL_Driver/Src/stm32f4xx_hal_cortex.o
 .text.__NVIC_SetPriority
                0x0000000008000ce4       0x54 ./Drivers/STM32F4xx_HAL_Driver/Src/stm32f4xx_hal_cortex.o
 .text.NVIC_EncodePriority
                0x0000000008000d38       0x66 ./Drivers/STM32F4xx_HAL_Driver/Src/stm32f4xx_hal_cortex.o
 *fill*         0x0000000008000d9e        0x2 
 .text.SysTick_Config
                0x0000000008000da0       0x44 ./Drivers/STM32F4xx_HAL_Driver/Src/stm32f4xx_hal_cortex.o
 .text.HAL_NVIC_SetPriorityGrouping
                0x0000000008000de4       0x16 ./Drivers/STM32F4xx_HAL_Driver/Src/stm32f4xx_hal_cortex.o
                0x0000000008000de4                HAL_NVIC_SetPriorityGrouping
 .text.HAL_NVIC_SetPriority
                0x0000000008000dfa       0x38 ./Drivers/STM32F4xx_HAL_Driver/Src/stm32f4xx_hal_cortex.o
                0x0000000008000dfa                HAL_NVIC_SetPriority
 .text.HAL_SYSTICK_Config
                0x0000000008000e32       0x18 ./Drivers/STM32F4xx_HAL_Driver/Src/stm32f4xx_hal_cortex.o
                0x0000000008000e32                HAL_SYSTICK_Config
 *fill*         0x0000000008000e4a        0x2 
 .text.HAL_GPIO_Init
                0x0000000008000e4c      0x358 ./Drivers/STM32F4xx_HAL_Driver/Src/stm32f4xx_hal_gpio.o
                0x0000000008000e4c                HAL_GPIO_Init
 .text.HAL_GPIO_WritePin
                0x00000000080011a4       0x32 ./Drivers/STM32F4xx_HAL_Driver/Src/stm32f4xx_hal_gpio.o
                0x00000000080011a4                HAL_GPIO_WritePin
 *fill*         0x00000000080011d6        0x2 
 .text.HAL_RCC_OscConfig
                0x00000000080011d8      0x4f0 ./Drivers/STM32F4xx_HAL_Driver/Src/stm32f4xx_hal_rcc.o
                0x00000000080011d8                HAL_RCC_OscConfig
 .text.HAL_RCC_ClockConfig
                0x00000000080016c8      0x1cc ./Drivers/STM32F4xx_HAL_Driver/Src/stm32f4xx_hal_rcc.o
                0x00000000080016c8                HAL_RCC_ClockConfig
 .text.HAL_RCC_GetSysClockFreq
                0x0000000008001894      0x20c ./Drivers/STM32F4xx_HAL_Driver/Src/stm32f4xx_hal_rcc.o
                0x0000000008001894                HAL_RCC_GetSysClockFreq
 .text.HAL_SPI_Init
                0x0000000008001aa0      0x112 ./Drivers/STM32F4xx_HAL_Driver/Src/stm32f4xx_hal_spi.o
                0x0000000008001aa0                HAL_SPI_Init
 .text.HAL_SPI_Transmit
                0x0000000008001bb2      0x278 ./Drivers/STM32F4xx_HAL_Driver/Src/stm32f4xx_hal_spi.o
                0x0000000008001bb2                HAL_SPI_Transmit
 .text.HAL_SPI_Receive
                0x0000000008001e2a      0x222 ./Drivers/STM32F4xx_HAL_Driver/Src/stm32f4xx_hal_spi.o
                0x0000000008001e2a                HAL_SPI_Receive
 .text.HAL_SPI_TransmitReceive
                0x000000000800204c      0x344 ./Drivers/STM32F4xx_HAL_Driver/Src/stm32f4xx_hal_spi.o
                0x000000000800204c                HAL_SPI_TransmitReceive
 .text.SPI_WaitFlagStateUntilTimeout
                0x0000000008002390      0x110 ./Drivers/STM32F4xx_HAL_Driver/Src/stm32f4xx_hal_spi.o
 .text.SPI_EndRxTransaction
                0x00000000080024a0       0xca ./Drivers/STM32F4xx_HAL_Driver/Src/stm32f4xx_hal_spi.o
 *fill*         0x000000000800256a        0x2 
 .text.SPI_EndRxTxTransaction
                0x000000000800256c       0x84 ./Drivers/STM32F4xx_HAL_Driver/Src/stm32f4xx_hal_spi.o
 .text.lfs_max  0x00000000080025f0       0x20 ./Middleware/littleFS/src/lfs.o
 .text.lfs_min  0x0000000008002610       0x20 ./Middleware/littleFS/src/lfs.o
 .text.lfs_aligndown
                0x0000000008002630       0x2a ./Middleware/littleFS/src/lfs.o
 .text.lfs_alignup
                0x000000000800265a       0x24 ./Middleware/littleFS/src/lfs.o
 .text.lfs_npw2
                0x000000000800267e       0x20 ./Middleware/littleFS/src/lfs.o
 .text.lfs_ctz  0x000000000800269e       0x1e ./Middleware/littleFS/src/lfs.o
 .text.lfs_popc
                0x00000000080026bc       0x18 ./Middleware/littleFS/src/lfs.o
 .text.lfs_scmp
                0x00000000080026d4       0x1c ./Middleware/littleFS/src/lfs.o
 .text.lfs_fromle32
                0x00000000080026f0       0x16 ./Middleware/littleFS/src/lfs.o
 .text.lfs_tole32
                0x0000000008002706       0x18 ./Middleware/littleFS/src/lfs.o
 .text.lfs_frombe32
                0x000000000800271e       0x18 ./Middleware/littleFS/src/lfs.o
 .text.lfs_tobe32
                0x0000000008002736       0x18 ./Middleware/littleFS/src/lfs.o
 .text.lfs_malloc
                0x000000000800274e       0x18 ./Middleware/littleFS/src/lfs.o
 .text.lfs_free
                0x0000000008002766       0x16 ./Middleware/littleFS/src/lfs.o
 .text.lfs_cache_drop
                0x000000000800277c       0x1e ./Middleware/littleFS/src/lfs.o
 .text.lfs_cache_zero
                0x000000000800279a       0x2c ./Middleware/littleFS/src/lfs.o
 *fill*         0x00000000080027c6        0x2 
 .text.lfs_bd_read
                0x00000000080027c8      0x288 ./Middleware/littleFS/src/lfs.o
 .text.lfs_bd_cmp
                0x0000000008002a50       0xa2 ./Middleware/littleFS/src/lfs.o
 *fill*         0x0000000008002af2        0x2 
 .text.lfs_bd_flush
                0x0000000008002af4       0xf8 ./Middleware/littleFS/src/lfs.o
 .text.lfs_bd_sync
                0x0000000008002bec       0x68 ./Middleware/littleFS/src/lfs.o
 .text.lfs_bd_prog
                0x0000000008002c54      0x158 ./Middleware/littleFS/src/lfs.o
 .text.lfs_bd_erase
                0x0000000008002dac       0x64 ./Middleware/littleFS/src/lfs.o
 .text.lfs_pair_swap
                0x0000000008002e10       0x2a ./Middleware/littleFS/src/lfs.o
 .text.lfs_pair_isnull
                0x0000000008002e3a       0x36 ./Middleware/littleFS/src/lfs.o
 .text.lfs_pair_cmp
                0x0000000008002e70       0x54 ./Middleware/littleFS/src/lfs.o
 .text.lfs_pair_sync
                0x0000000008002ec4       0x5a ./Middleware/littleFS/src/lfs.o
 .text.lfs_pair_fromle32
                0x0000000008002f1e       0x34 ./Middleware/littleFS/src/lfs.o
 .text.lfs_pair_tole32
                0x0000000008002f52       0x34 ./Middleware/littleFS/src/lfs.o
 .text.lfs_tag_isvalid
                0x0000000008002f86       0x1c ./Middleware/littleFS/src/lfs.o
 .text.lfs_tag_isdelete
                0x0000000008002fa2       0x26 ./Middleware/littleFS/src/lfs.o
 .text.lfs_tag_type1
                0x0000000008002fc8       0x20 ./Middleware/littleFS/src/lfs.o
 .text.lfs_tag_type3
                0x0000000008002fe8       0x20 ./Middleware/littleFS/src/lfs.o
 .text.lfs_tag_chunk
                0x0000000008003008       0x1a ./Middleware/littleFS/src/lfs.o
 .text.lfs_tag_splice
                0x0000000008003022       0x1a ./Middleware/littleFS/src/lfs.o
 .text.lfs_tag_id
                0x000000000800303c       0x20 ./Middleware/littleFS/src/lfs.o
 .text.lfs_tag_size
                0x000000000800305c       0x1a ./Middleware/littleFS/src/lfs.o
 .text.lfs_tag_dsize
                0x0000000008003076       0x28 ./Middleware/littleFS/src/lfs.o
 .text.lfs_gstate_xor
                0x000000000800309e       0x4a ./Middleware/littleFS/src/lfs.o
 .text.lfs_gstate_iszero
                0x00000000080030e8       0x3a ./Middleware/littleFS/src/lfs.o
 .text.lfs_gstate_hasorphans
                0x0000000008003122       0x26 ./Middleware/littleFS/src/lfs.o
 .text.lfs_gstate_getorphans
                0x0000000008003148       0x1e ./Middleware/littleFS/src/lfs.o
 .text.lfs_gstate_hasmove
                0x0000000008003166       0x26 ./Middleware/littleFS/src/lfs.o
 .text.lfs_gstate_hasmovehere
                0x000000000800318c       0x40 ./Middleware/littleFS/src/lfs.o
 .text.lfs_gstate_fromle32
                0x00000000080031cc       0x40 ./Middleware/littleFS/src/lfs.o
 .text.lfs_gstate_tole32
                0x000000000800320c       0x40 ./Middleware/littleFS/src/lfs.o
 .text.lfs_ctz_fromle32
                0x000000000800324c       0x30 ./Middleware/littleFS/src/lfs.o
 .text.lfs_ctz_tole32
                0x000000000800327c       0x30 ./Middleware/littleFS/src/lfs.o
 .text.lfs_superblock_fromle32
                0x00000000080032ac       0x70 ./Middleware/littleFS/src/lfs.o
 .text.lfs_superblock_tole32
                0x000000000800331c       0x70 ./Middleware/littleFS/src/lfs.o
 .text.lfs_mlist_isopen
                0x000000000800338c       0x3a ./Middleware/littleFS/src/lfs.o
 .text.lfs_mlist_remove
                0x00000000080033c6       0x44 ./Middleware/littleFS/src/lfs.o
 .text.lfs_mlist_append
                0x000000000800340a       0x24 ./Middleware/littleFS/src/lfs.o
 .text.lfs_alloc_lookahead
                0x000000000800342e       0x6e ./Middleware/littleFS/src/lfs.o
 .text.lfs_alloc_ack
                0x000000000800349c       0x1e ./Middleware/littleFS/src/lfs.o
 .text.lfs_alloc_drop
                0x00000000080034ba       0x22 ./Middleware/littleFS/src/lfs.o
 .text.lfs_alloc
                0x00000000080034dc      0x168 ./Middleware/littleFS/src/lfs.o
 .text.lfs_dir_getslice
                0x0000000008003644      0x1cc ./Middleware/littleFS/src/lfs.o
 .text.lfs_dir_get
                0x0000000008003810       0x36 ./Middleware/littleFS/src/lfs.o
 .text.lfs_dir_getread
                0x0000000008003846      0x1b6 ./Middleware/littleFS/src/lfs.o
 .text.lfs_dir_traverse_filter
                0x00000000080039fc       0xb8 ./Middleware/littleFS/src/lfs.o
 .text.lfs_dir_traverse
                0x0000000008003ab4      0x7c0 ./Middleware/littleFS/src/lfs.o
 .text.lfs_dir_fetchmatch
                0x0000000008004274      0x6dc ./Middleware/littleFS/src/lfs.o
 .text.lfs_dir_fetch
                0x0000000008004950       0x36 ./Middleware/littleFS/src/lfs.o
 *fill*         0x0000000008004986        0x2 
 .text.lfs_dir_getgstate
                0x0000000008004988       0x64 ./Middleware/littleFS/src/lfs.o
 .text.lfs_dir_find_match
                0x00000000080049ec       0x92 ./Middleware/littleFS/src/lfs.o
 *fill*         0x0000000008004a7e        0x2 
 .text.lfs_dir_find
                0x0000000008004a80      0x1f4 ./Middleware/littleFS/src/lfs.o
 .text.lfs_dir_commitprog
                0x0000000008004c74       0x6c ./Middleware/littleFS/src/lfs.o
 .text.lfs_dir_commitattr
                0x0000000008004ce0      0x100 ./Middleware/littleFS/src/lfs.o
 .text.lfs_dir_commitcrc
                0x0000000008004de0      0x278 ./Middleware/littleFS/src/lfs.o
 .text.lfs_dir_alloc
                0x0000000008005058       0xf2 ./Middleware/littleFS/src/lfs.o
 .text.lfs_dir_split
                0x000000000800514a       0xa8 ./Middleware/littleFS/src/lfs.o
 .text.lfs_dir_commit_size
                0x00000000080051f2       0x2c ./Middleware/littleFS/src/lfs.o
 .text.lfs_dir_commit_commit
                0x000000000800521e       0x2a ./Middleware/littleFS/src/lfs.o
 .text.lfs_dir_needsrelocation
                0x0000000008005248       0x4c ./Middleware/littleFS/src/lfs.o
 .text.lfs_dir_compact
                0x0000000008005294      0x3ec ./Middleware/littleFS/src/lfs.o
 .text.lfs_dir_splittingcompact
                0x0000000008005680      0x230 ./Middleware/littleFS/src/lfs.o
 .text.lfs_dir_relocatingcommit
                0x00000000080058b0      0x568 ./Middleware/littleFS/src/lfs.o
 .text.lfs_dir_orphaningcommit
                0x0000000008005e18      0x5f4 ./Middleware/littleFS/src/lfs.o
 .text.lfs_dir_commit
                0x000000000800640c       0x4a ./Middleware/littleFS/src/lfs.o
 .text.lfs_ctz_index
                0x0000000008006456       0x70 ./Middleware/littleFS/src/lfs.o
 .text.lfs_ctz_find
                0x00000000080064c6       0xd6 ./Middleware/littleFS/src/lfs.o
 .text.lfs_ctz_extend
                0x000000000800659c      0x210 ./Middleware/littleFS/src/lfs.o
 .text.lfs_ctz_traverse
                0x00000000080067ac       0xf8 ./Middleware/littleFS/src/lfs.o
 .text.lfs_file_rawopencfg
                0x00000000080068a4      0x3a0 ./Middleware/littleFS/src/lfs.o
 .text.lfs_file_rawopen
                0x0000000008006c44       0x30 ./Middleware/littleFS/src/lfs.o
 .text.lfs_file_rawclose
                0x0000000008006c74       0x3a ./Middleware/littleFS/src/lfs.o
 *fill*         0x0000000008006cae        0x2 
 .text.lfs_file_relocate
                0x0000000008006cb0      0x1b4 ./Middleware/littleFS/src/lfs.o
 .text.lfs_file_outline
                0x0000000008006e64       0x42 ./Middleware/littleFS/src/lfs.o
 *fill*         0x0000000008006ea6        0x2 
 .text.lfs_file_flush
                0x0000000008006ea8      0x1a8 ./Middleware/littleFS/src/lfs.o
 .text.lfs_file_rawsync
                0x0000000008007050      0x118 ./Middleware/littleFS/src/lfs.o
 .text.lfs_file_flushedread
                0x0000000008007168      0x1a4 ./Middleware/littleFS/src/lfs.o
 .text.lfs_file_rawread
                0x000000000800730c       0x6c ./Middleware/littleFS/src/lfs.o
 .text.lfs_file_flushedwrite
                0x0000000008007378      0x24e ./Middleware/littleFS/src/lfs.o
 *fill*         0x00000000080075c6        0x2 
 .text.lfs_file_rawwrite
                0x00000000080075c8      0x108 ./Middleware/littleFS/src/lfs.o
 .text.lfs_init
                0x00000000080076d0      0x374 ./Middleware/littleFS/src/lfs.o
 .text.lfs_deinit
                0x0000000008007a44       0x4e ./Middleware/littleFS/src/lfs.o
 *fill*         0x0000000008007a92        0x2 
 .text.lfs_rawformat
                0x0000000008007a94      0x140 ./Middleware/littleFS/src/lfs.o
 .text.lfs_rawmount
                0x0000000008007bd4      0x358 ./Middleware/littleFS/src/lfs.o
 .text.lfs_rawunmount
                0x0000000008007f2c       0x18 ./Middleware/littleFS/src/lfs.o
 .text.lfs_fs_rawtraverse
                0x0000000008007f44      0x24c ./Middleware/littleFS/src/lfs.o
 .text.lfs_fs_pred
                0x0000000008008190       0x8a ./Middleware/littleFS/src/lfs.o
 .text.lfs_fs_parent_match
                0x000000000800821a       0x84 ./Middleware/littleFS/src/lfs.o
 *fill*         0x000000000800829e        0x2 
 .text.lfs_fs_parent
                0x00000000080082a0       0xac ./Middleware/littleFS/src/lfs.o
 .text.lfs_fs_preporphans
                0x000000000800834c       0x74 ./Middleware/littleFS/src/lfs.o
 .text.lfs_fs_prepmove
                0x00000000080083c0       0x74 ./Middleware/littleFS/src/lfs.o
 .text.lfs_fs_demove
                0x0000000008008434       0xcc ./Middleware/littleFS/src/lfs.o
 .text.lfs_fs_deorphan
                0x0000000008008500      0x348 ./Middleware/littleFS/src/lfs.o
 .text.lfs_fs_forceconsistency
                0x0000000008008848       0x38 ./Middleware/littleFS/src/lfs.o
 .text.lfs_fs_size_count
                0x0000000008008880       0x26 ./Middleware/littleFS/src/lfs.o
 *fill*         0x00000000080088a6        0x2 
 .text.lfs_fs_rawsize
                0x00000000080088a8       0x34 ./Middleware/littleFS/src/lfs.o
 .text.lfs_format
                0x00000000080088dc       0x2c ./Middleware/littleFS/src/lfs.o
                0x00000000080088dc                lfs_format
 .text.lfs_mount
                0x0000000008008908       0x2c ./Middleware/littleFS/src/lfs.o
                0x0000000008008908                lfs_mount
 .text.lfs_unmount
                0x0000000008008934       0x28 ./Middleware/littleFS/src/lfs.o
                0x0000000008008934                lfs_unmount
 .text.lfs_file_open
                0x000000000800895c       0x68 ./Middleware/littleFS/src/lfs.o
                0x000000000800895c                lfs_file_open
 .text.lfs_file_close
                0x00000000080089c4       0x58 ./Middleware/littleFS/src/lfs.o
                0x00000000080089c4                lfs_file_close
 .text.lfs_file_read
                0x0000000008008a1c       0x60 ./Middleware/littleFS/src/lfs.o
                0x0000000008008a1c                lfs_file_read
 .text.lfs_file_write
                0x0000000008008a7c       0x60 ./Middleware/littleFS/src/lfs.o
                0x0000000008008a7c                lfs_file_write
 .text.lfs_crc  0x0000000008008adc       0x7c ./Middleware/littleFS/src/lfs_util.o
                0x0000000008008adc                lfs_crc
 .text._ZN6W25Q64C2EP12GPIO_TypeDeft
                0x0000000008008b58       0x2e ./modules/src/W25Qx_module.o
                0x0000000008008b58                W25Q64::W25Q64(GPIO_TypeDef*, unsigned short)
                0x0000000008008b58                W25Q64::W25Q64(GPIO_TypeDef*, unsigned short)
 .text._ZN6W25Q644initEv
                0x0000000008008b86       0x44 ./modules/src/W25Qx_module.o
                0x0000000008008b86                W25Q64::init()
 *fill*         0x0000000008008bca        0x2 
 .text._ZN6W25Q6412write_enableEv
                0x0000000008008bcc       0x30 ./modules/src/W25Qx_module.o
                0x0000000008008bcc                W25Q64::write_enable()
 .text._ZN6W25Q6420read_status_registerEv
                0x0000000008008bfc       0x40 ./modules/src/W25Qx_module.o
                0x0000000008008bfc                W25Q64::read_status_register()
 .text._ZN6W25Q6411block_eraseEm
                0x0000000008008c3c       0x58 ./modules/src/W25Qx_module.o
                0x0000000008008c3c                W25Q64::block_erase(unsigned long)
 .text._ZN6W25Q6412page_programEmPht
                0x0000000008008c94       0x74 ./modules/src/W25Qx_module.o
                0x0000000008008c94                W25Q64::page_program(unsigned long, unsigned char*, unsigned short)
 .text._ZN6W25Q649read_dataEmPht
                0x0000000008008d08       0x5e ./modules/src/W25Qx_module.o
                0x0000000008008d08                W25Q64::read_data(unsigned long, unsigned char*, unsigned short)
 .text._ZN6W25Q6416wait_until_readyEv
                0x0000000008008d66       0x26 ./modules/src/W25Qx_module.o
                0x0000000008008d66                W25Q64::wait_until_ready()
 .text._ZN6W25Q649cs_selectEv
                0x0000000008008d8c       0x22 ./modules/src/W25Qx_module.o
                0x0000000008008d8c                W25Q64::cs_select()
 .text._ZN6W25Q6411cs_deselectEv
                0x0000000008008dae       0x22 ./modules/src/W25Qx_module.o
                0x0000000008008dae                W25Q64::cs_deselect()
 .text._Z14initGPIOOutputtP12GPIO_TypeDef
                0x0000000008008dd0       0xa8 ./modules/src/gpio_module.o
                0x0000000008008dd0                initGPIOOutput(unsigned short, GPIO_TypeDef*)
 .text._Z10flash_initv
                0x0000000008008e78       0x28 ./modules/src/littleFSInterface.o
                0x0000000008008e78                flash_init()
 .text._Z11w25q64_readPK10lfs_configmmPvm
                0x0000000008008ea0       0x3c ./modules/src/littleFSInterface.o
                0x0000000008008ea0                w25q64_read(lfs_config const*, unsigned long, unsigned long, void*, unsigned long)
 .text._Z11w25q64_progPK10lfs_configmmPKvm
                0x0000000008008edc       0x3c ./modules/src/littleFSInterface.o
                0x0000000008008edc                w25q64_prog(lfs_config const*, unsigned long, unsigned long, void const*, unsigned long)
 .text._Z12w25q64_erasePK10lfs_configm
                0x0000000008008f18       0x2c ./modules/src/littleFSInterface.o
                0x0000000008008f18                w25q64_erase(lfs_config const*, unsigned long)
 .text._Z11w25q64_syncPK10lfs_config
                0x0000000008008f44       0x16 ./modules/src/littleFSInterface.o
                0x0000000008008f44                w25q64_sync(lfs_config const*)
 *fill*         0x0000000008008f5a        0x2 
 .text._Z41__static_initialization_and_destruction_0ii
                0x0000000008008f5c       0x38 ./modules/src/littleFSInterface.o
 .text._GLOBAL__sub_I_myFlash
                0x0000000008008f94       0x10 ./modules/src/littleFSInterface.o
 .text.HAL_SPI_MspInit
                0x0000000008008fa4       0xd0 ./modules/src/spi_module.o
                0x0000000008008fa4                HAL_SPI_MspInit
 .text._ZN3SPIC2Ev
                0x0000000008009074       0x20 ./modules/src/spi_module.o
                0x0000000008009074                SPI::SPI()
                0x0000000008009074                SPI::SPI()
 .text._ZN3SPI11getInstanceEv
                0x0000000008009094       0x50 ./modules/src/spi_module.o
                0x0000000008009094                SPI::getInstance()
 .text._ZN3SPI4initEv
                0x00000000080090e4       0x94 ./modules/src/spi_module.o
                0x00000000080090e4                SPI::init()
 .text._ZN3SPI8transmitEPht
                0x0000000008009178       0x28 ./modules/src/spi_module.o
                0x0000000008009178                SPI::transmit(unsigned char*, unsigned short)
 .text._ZN3SPI7receiveEPht
                0x00000000080091a0       0x28 ./modules/src/spi_module.o
                0x00000000080091a0                SPI::receive(unsigned char*, unsigned short)
 .text._ZN3SPI6csHighEtP12GPIO_TypeDef
                0x00000000080091c8       0x22 ./modules/src/spi_module.o
                0x00000000080091c8                SPI::csHigh(unsigned short, GPIO_TypeDef*)
 .text._ZN3SPI5csLowEtP12GPIO_TypeDef
                0x00000000080091ea       0x22 ./modules/src/spi_module.o
                0x00000000080091ea                SPI::csLow(unsigned short, GPIO_TypeDef*)
 .text.main_cpp
                0x000000000800920c      0x134 ./project_cpp/src/project_cpp.o
                0x000000000800920c                main_cpp
 .text.__cxa_guard_acquire
                0x0000000008009340       0x18 /opt/st/stm32cubeide_1.10.1/plugins/com.st.stm32cube.ide.mcu.externaltools.gnu-tools-for-stm32.10.3-2021.10.linux64_1.0.0.202111181127/tools/bin/../lib/gcc/arm-none-eabi/10.3.1/../../../../arm-none-eabi/lib/thumb/v7e-m+fp/hard/libstdc++_nano.a(guard.o)
                0x0000000008009340                __cxa_guard_acquire
 .text.__cxa_guard_release
                0x0000000008009358        0x6 /opt/st/stm32cubeide_1.10.1/plugins/com.st.stm32cube.ide.mcu.externaltools.gnu-tools-for-stm32.10.3-2021.10.linux64_1.0.0.202111181127/tools/bin/../lib/gcc/arm-none-eabi/10.3.1/../../../../arm-none-eabi/lib/thumb/v7e-m+fp/hard/libstdc++_nano.a(guard.o)
                0x0000000008009358                __cxa_guard_release
 *fill*         0x000000000800935e        0x2 
 .text.__assert_func
                0x0000000008009360       0x3c /opt/st/stm32cubeide_1.10.1/plugins/com.st.stm32cube.ide.mcu.externaltools.gnu-tools-for-stm32.10.3-2021.10.linux64_1.0.0.202111181127/tools/bin/../lib/gcc/arm-none-eabi/10.3.1/../../../../arm-none-eabi/lib/thumb/v7e-m+fp/hard/libc_nano.a(lib_a-assert.o)
                0x0000000008009360                __assert_func
 .text.__errno  0x000000000800939c        0xc /opt/st/stm32cubeide_1.10.1/plugins/com.st.stm32cube.ide.mcu.externaltools.gnu-tools-for-stm32.10.3-2021.10.linux64_1.0.0.202111181127/tools/bin/../lib/gcc/arm-none-eabi/10.3.1/../../../../arm-none-eabi/lib/thumb/v7e-m+fp/hard/libc_nano.a(lib_a-errno.o)
                0x000000000800939c                __errno
 .text.fprintf  0x00000000080093a8       0x24 /opt/st/stm32cubeide_1.10.1/plugins/com.st.stm32cube.ide.mcu.externaltools.gnu-tools-for-stm32.10.3-2021.10.linux64_1.0.0.202111181127/tools/bin/../lib/gcc/arm-none-eabi/10.3.1/../../../../arm-none-eabi/lib/thumb/v7e-m+fp/hard/libc_nano.a(lib_a-fprintf.o)
                0x00000000080093a8                fprintf
                0x00000000080093a8                fiprintf
 .text.__libc_init_array
                0x00000000080093cc       0x48 /opt/st/stm32cubeide_1.10.1/plugins/com.st.stm32cube.ide.mcu.externaltools.gnu-tools-for-stm32.10.3-2021.10.linux64_1.0.0.202111181127/tools/bin/../lib/gcc/arm-none-eabi/10.3.1/../../../../arm-none-eabi/lib/thumb/v7e-m+fp/hard/libc_nano.a(lib_a-init.o)
                0x00000000080093cc                __libc_init_array
 .text.malloc   0x0000000008009414       0x10 /opt/st/stm32cubeide_1.10.1/plugins/com.st.stm32cube.ide.mcu.externaltools.gnu-tools-for-stm32.10.3-2021.10.linux64_1.0.0.202111181127/tools/bin/../lib/gcc/arm-none-eabi/10.3.1/../../../../arm-none-eabi/lib/thumb/v7e-m+fp/hard/libc_nano.a(lib_a-malloc.o)
                0x0000000008009414                malloc
 .text.free     0x0000000008009424       0x10 /opt/st/stm32cubeide_1.10.1/plugins/com.st.stm32cube.ide.mcu.externaltools.gnu-tools-for-stm32.10.3-2021.10.linux64_1.0.0.202111181127/tools/bin/../lib/gcc/arm-none-eabi/10.3.1/../../../../arm-none-eabi/lib/thumb/v7e-m+fp/hard/libc_nano.a(lib_a-malloc.o)
                0x0000000008009424                free
 .text.memcmp   0x0000000008009434       0x20 /opt/st/stm32cubeide_1.10.1/plugins/com.st.stm32cube.ide.mcu.externaltools.gnu-tools-for-stm32.10.3-2021.10.linux64_1.0.0.202111181127/tools/bin/../lib/gcc/arm-none-eabi/10.3.1/../../../../arm-none-eabi/lib/thumb/v7e-m+fp/hard/libc_nano.a(lib_a-memcmp.o)
                0x0000000008009434                memcmp
 .text.memcpy   0x0000000008009454       0x1c /opt/st/stm32cubeide_1.10.1/plugins/com.st.stm32cube.ide.mcu.externaltools.gnu-tools-for-stm32.10.3-2021.10.linux64_1.0.0.202111181127/tools/bin/../lib/gcc/arm-none-eabi/10.3.1/../../../../arm-none-eabi/lib/thumb/v7e-m+fp/hard/libc_nano.a(lib_a-memcpy-stub.o)
                0x0000000008009454                memcpy
 .text.memset   0x0000000008009470       0x10 /opt/st/stm32cubeide_1.10.1/plugins/com.st.stm32cube.ide.mcu.externaltools.gnu-tools-for-stm32.10.3-2021.10.linux64_1.0.0.202111181127/tools/bin/../lib/gcc/arm-none-eabi/10.3.1/../../../../arm-none-eabi/lib/thumb/v7e-m+fp/hard/libc_nano.a(lib_a-memset.o)
                0x0000000008009470                memset
 .text._free_r  0x0000000008009480       0x98 /opt/st/stm32cubeide_1.10.1/plugins/com.st.stm32cube.ide.mcu.externaltools.gnu-tools-for-stm32.10.3-2021.10.linux64_1.0.0.202111181127/tools/bin/../lib/gcc/arm-none-eabi/10.3.1/../../../../arm-none-eabi/lib/thumb/v7e-m+fp/hard/libc_nano.a(lib_a-nano-freer.o)
                0x0000000008009480                _free_r
 .text.sbrk_aligned
                0x0000000008009518       0x40 /opt/st/stm32cubeide_1.10.1/plugins/com.st.stm32cube.ide.mcu.externaltools.gnu-tools-for-stm32.10.3-2021.10.linux64_1.0.0.202111181127/tools/bin/../lib/gcc/arm-none-eabi/10.3.1/../../../../arm-none-eabi/lib/thumb/v7e-m+fp/hard/libc_nano.a(lib_a-nano-mallocr.o)
 .text._malloc_r
                0x0000000008009558       0xe8 /opt/st/stm32cubeide_1.10.1/plugins/com.st.stm32cube.ide.mcu.externaltools.gnu-tools-for-stm32.10.3-2021.10.linux64_1.0.0.202111181127/tools/bin/../lib/gcc/arm-none-eabi/10.3.1/../../../../arm-none-eabi/lib/thumb/v7e-m+fp/hard/libc_nano.a(lib_a-nano-mallocr.o)
                0x0000000008009558                _malloc_r
 .text.__sfputc_r
                0x0000000008009640       0x2e /opt/st/stm32cubeide_1.10.1/plugins/com.st.stm32cube.ide.mcu.externaltools.gnu-tools-for-stm32.10.3-2021.10.linux64_1.0.0.202111181127/tools/bin/../lib/gcc/arm-none-eabi/10.3.1/../../../../arm-none-eabi/lib/thumb/v7e-m+fp/hard/libc_nano.a(lib_a-nano-vfprintf.o)
 .text.__sfputs_r
                0x000000000800966e       0x24 /opt/st/stm32cubeide_1.10.1/plugins/com.st.stm32cube.ide.mcu.externaltools.gnu-tools-for-stm32.10.3-2021.10.linux64_1.0.0.202111181127/tools/bin/../lib/gcc/arm-none-eabi/10.3.1/../../../../arm-none-eabi/lib/thumb/v7e-m+fp/hard/libc_nano.a(lib_a-nano-vfprintf.o)
                0x000000000800966e                __sfputs_r
 *fill*         0x0000000008009692        0x2 
 .text._vfprintf_r
                0x0000000008009694      0x260 /opt/st/stm32cubeide_1.10.1/plugins/com.st.stm32cube.ide.mcu.externaltools.gnu-tools-for-stm32.10.3-2021.10.linux64_1.0.0.202111181127/tools/bin/../lib/gcc/arm-none-eabi/10.3.1/../../../../arm-none-eabi/lib/thumb/v7e-m+fp/hard/libc_nano.a(lib_a-nano-vfprintf.o)
                0x0000000008009694                _vfiprintf_r
                0x0000000008009694                _vfprintf_r
 .text._printf_common
                0x00000000080098f4       0xda /opt/st/stm32cubeide_1.10.1/plugins/com.st.stm32cube.ide.mcu.externaltools.gnu-tools-for-stm32.10.3-2021.10.linux64_1.0.0.202111181127/tools/bin/../lib/gcc/arm-none-eabi/10.3.1/../../../../arm-none-eabi/lib/thumb/v7e-m+fp/hard/libc_nano.a(lib_a-nano-vfprintf_i.o)
                0x00000000080098f4                _printf_common
 *fill*         0x00000000080099ce        0x2 
 .text._printf_i
                0x00000000080099d0      0x24c /opt/st/stm32cubeide_1.10.1/plugins/com.st.stm32cube.ide.mcu.externaltools.gnu-tools-for-stm32.10.3-2021.10.linux64_1.0.0.202111181127/tools/bin/../lib/gcc/arm-none-eabi/10.3.1/../../../../arm-none-eabi/lib/thumb/v7e-m+fp/hard/libc_nano.a(lib_a-nano-vfprintf_i.o)
                0x00000000080099d0                _printf_i
 .text.printf   0x0000000008009c1c       0x30 /opt/st/stm32cubeide_1.10.1/plugins/com.st.stm32cube.ide.mcu.externaltools.gnu-tools-for-stm32.10.3-2021.10.linux64_1.0.0.202111181127/tools/bin/../lib/gcc/arm-none-eabi/10.3.1/../../../../arm-none-eabi/lib/thumb/v7e-m+fp/hard/libc_nano.a(lib_a-printf.o)
                0x0000000008009c1c                printf
                0x0000000008009c1c                iprintf
 .text._sbrk_r  0x0000000008009c4c       0x20 /opt/st/stm32cubeide_1.10.1/plugins/com.st.stm32cube.ide.mcu.externaltools.gnu-tools-for-stm32.10.3-2021.10.linux64_1.0.0.202111181127/tools/bin/../lib/gcc/arm-none-eabi/10.3.1/../../../../arm-none-eabi/lib/thumb/v7e-m+fp/hard/libc_nano.a(lib_a-sbrkr.o)
                0x0000000008009c4c                _sbrk_r
 .text.strchr   0x0000000008009c6c       0x1a /opt/st/stm32cubeide_1.10.1/plugins/com.st.stm32cube.ide.mcu.externaltools.gnu-tools-for-stm32.10.3-2021.10.linux64_1.0.0.202111181127/tools/bin/../lib/gcc/arm-none-eabi/10.3.1/../../../../arm-none-eabi/lib/thumb/v7e-m+fp/hard/libc_nano.a(lib_a-strchr.o)
                0x0000000008009c6c                strchr
 .text.strcspn  0x0000000008009c86       0x22 /opt/st/stm32cubeide_1.10.1/plugins/com.st.stm32cube.ide.mcu.externaltools.gnu-tools-for-stm32.10.3-2021.10.linux64_1.0.0.202111181127/tools/bin/../lib/gcc/arm-none-eabi/10.3.1/../../../../arm-none-eabi/lib/thumb/v7e-m+fp/hard/libc_nano.a(lib_a-strcspn.o)
                0x0000000008009c86                strcspn
 .text.strspn   0x0000000008009ca8       0x20 /opt/st/stm32cubeide_1.10.1/plugins/com.st.stm32cube.ide.mcu.externaltools.gnu-tools-for-stm32.10.3-2021.10.linux64_1.0.0.202111181127/tools/bin/../lib/gcc/arm-none-eabi/10.3.1/../../../../arm-none-eabi/lib/thumb/v7e-m+fp/hard/libc_nano.a(lib_a-strspn.o)
                0x0000000008009ca8                strspn
 .text.__swbuf_r
                0x0000000008009cc8       0xa4 /opt/st/stm32cubeide_1.10.1/plugins/com.st.stm32cube.ide.mcu.externaltools.gnu-tools-for-stm32.10.3-2021.10.linux64_1.0.0.202111181127/tools/bin/../lib/gcc/arm-none-eabi/10.3.1/../../../../arm-none-eabi/lib/thumb/v7e-m+fp/hard/libc_nano.a(lib_a-wbuf.o)
                0x0000000008009cc8                __swbuf_r
 .text.__swsetup_r
                0x0000000008009d6c       0xdc /opt/st/stm32cubeide_1.10.1/plugins/com.st.stm32cube.ide.mcu.externaltools.gnu-tools-for-stm32.10.3-2021.10.linux64_1.0.0.202111181127/tools/bin/../lib/gcc/arm-none-eabi/10.3.1/../../../../arm-none-eabi/lib/thumb/v7e-m+fp/hard/libc_nano.a(lib_a-wsetup.o)
                0x0000000008009d6c                __swsetup_r
 .text.abort    0x0000000008009e48        0xe /opt/st/stm32cubeide_1.10.1/plugins/com.st.stm32cube.ide.mcu.externaltools.gnu-tools-for-stm32.10.3-2021.10.linux64_1.0.0.202111181127/tools/bin/../lib/gcc/arm-none-eabi/10.3.1/../../../../arm-none-eabi/lib/thumb/v7e-m+fp/hard/libc_nano.a(lib_a-abort.o)
                0x0000000008009e48                abort
 *fill*         0x0000000008009e56        0x2 
 .text.__sflush_r
                0x0000000008009e58      0x10c /opt/st/stm32cubeide_1.10.1/plugins/com.st.stm32cube.ide.mcu.externaltools.gnu-tools-for-stm32.10.3-2021.10.linux64_1.0.0.202111181127/tools/bin/../lib/gcc/arm-none-eabi/10.3.1/../../../../arm-none-eabi/lib/thumb/v7e-m+fp/hard/libc_nano.a(lib_a-fflush.o)
                0x0000000008009e58                __sflush_r
 .text._fflush_r
                0x0000000008009f64       0x78 /opt/st/stm32cubeide_1.10.1/plugins/com.st.stm32cube.ide.mcu.externaltools.gnu-tools-for-stm32.10.3-2021.10.linux64_1.0.0.202111181127/tools/bin/../lib/gcc/arm-none-eabi/10.3.1/../../../../arm-none-eabi/lib/thumb/v7e-m+fp/hard/libc_nano.a(lib_a-fflush.o)
                0x0000000008009f64                _fflush_r
 .text.std      0x0000000008009fdc       0x48 /opt/st/stm32cubeide_1.10.1/plugins/com.st.stm32cube.ide.mcu.externaltools.gnu-tools-for-stm32.10.3-2021.10.linux64_1.0.0.202111181127/tools/bin/../lib/gcc/arm-none-eabi/10.3.1/../../../../arm-none-eabi/lib/thumb/v7e-m+fp/hard/libc_nano.a(lib_a-findfp.o)
 .text._cleanup_r
                0x000000000800a024        0xc /opt/st/stm32cubeide_1.10.1/plugins/com.st.stm32cube.ide.mcu.externaltools.gnu-tools-for-stm32.10.3-2021.10.linux64_1.0.0.202111181127/tools/bin/../lib/gcc/arm-none-eabi/10.3.1/../../../../arm-none-eabi/lib/thumb/v7e-m+fp/hard/libc_nano.a(lib_a-findfp.o)
                0x000000000800a024                _cleanup_r
 .text.__sfmoreglue
                0x000000000800a030       0x2c /opt/st/stm32cubeide_1.10.1/plugins/com.st.stm32cube.ide.mcu.externaltools.gnu-tools-for-stm32.10.3-2021.10.linux64_1.0.0.202111181127/tools/bin/../lib/gcc/arm-none-eabi/10.3.1/../../../../arm-none-eabi/lib/thumb/v7e-m+fp/hard/libc_nano.a(lib_a-findfp.o)
                0x000000000800a030                __sfmoreglue
 .text.__sfp_lock_acquire
                0x000000000800a05c        0xc /opt/st/stm32cubeide_1.10.1/plugins/com.st.stm32cube.ide.mcu.externaltools.gnu-tools-for-stm32.10.3-2021.10.linux64_1.0.0.202111181127/tools/bin/../lib/gcc/arm-none-eabi/10.3.1/../../../../arm-none-eabi/lib/thumb/v7e-m+fp/hard/libc_nano.a(lib_a-findfp.o)
                0x000000000800a05c                __sfp_lock_acquire
 .text.__sfp_lock_release
                0x000000000800a068        0xc /opt/st/stm32cubeide_1.10.1/plugins/com.st.stm32cube.ide.mcu.externaltools.gnu-tools-for-stm32.10.3-2021.10.linux64_1.0.0.202111181127/tools/bin/../lib/gcc/arm-none-eabi/10.3.1/../../../../arm-none-eabi/lib/thumb/v7e-m+fp/hard/libc_nano.a(lib_a-findfp.o)
                0x000000000800a068                __sfp_lock_release
 .text.__sinit_lock_acquire
                0x000000000800a074        0xc /opt/st/stm32cubeide_1.10.1/plugins/com.st.stm32cube.ide.mcu.externaltools.gnu-tools-for-stm32.10.3-2021.10.linux64_1.0.0.202111181127/tools/bin/../lib/gcc/arm-none-eabi/10.3.1/../../../../arm-none-eabi/lib/thumb/v7e-m+fp/hard/libc_nano.a(lib_a-findfp.o)
                0x000000000800a074                __sinit_lock_acquire
 .text.__sinit_lock_release
                0x000000000800a080        0xc /opt/st/stm32cubeide_1.10.1/plugins/com.st.stm32cube.ide.mcu.externaltools.gnu-tools-for-stm32.10.3-2021.10.linux64_1.0.0.202111181127/tools/bin/../lib/gcc/arm-none-eabi/10.3.1/../../../../arm-none-eabi/lib/thumb/v7e-m+fp/hard/libc_nano.a(lib_a-findfp.o)
                0x000000000800a080                __sinit_lock_release
 .text.__sinit  0x000000000800a08c       0x70 /opt/st/stm32cubeide_1.10.1/plugins/com.st.stm32cube.ide.mcu.externaltools.gnu-tools-for-stm32.10.3-2021.10.linux64_1.0.0.202111181127/tools/bin/../lib/gcc/arm-none-eabi/10.3.1/../../../../arm-none-eabi/lib/thumb/v7e-m+fp/hard/libc_nano.a(lib_a-findfp.o)
                0x000000000800a08c                __sinit
 .text.__sfp    0x000000000800a0fc       0x8c /opt/st/stm32cubeide_1.10.1/plugins/com.st.stm32cube.ide.mcu.externaltools.gnu-tools-for-stm32.10.3-2021.10.linux64_1.0.0.202111181127/tools/bin/../lib/gcc/arm-none-eabi/10.3.1/../../../../arm-none-eabi/lib/thumb/v7e-m+fp/hard/libc_nano.a(lib_a-findfp.o)
                0x000000000800a0fc                __sfp
 .text._fwalk_reent
                0x000000000800a188       0x3e /opt/st/stm32cubeide_1.10.1/plugins/com.st.stm32cube.ide.mcu.externaltools.gnu-tools-for-stm32.10.3-2021.10.linux64_1.0.0.202111181127/tools/bin/../lib/gcc/arm-none-eabi/10.3.1/../../../../arm-none-eabi/lib/thumb/v7e-m+fp/hard/libc_nano.a(lib_a-fwalk.o)
                0x000000000800a188                _fwalk_reent
 .text.__retarget_lock_init_recursive
                0x000000000800a1c6        0x2 /opt/st/stm32cubeide_1.10.1/plugins/com.st.stm32cube.ide.mcu.externaltools.gnu-tools-for-stm32.10.3-2021.10.linux64_1.0.0.202111181127/tools/bin/../lib/gcc/arm-none-eabi/10.3.1/../../../../arm-none-eabi/lib/thumb/v7e-m+fp/hard/libc_nano.a(lib_a-lock.o)
                0x000000000800a1c6                __retarget_lock_init_recursive
 .text.__retarget_lock_acquire_recursive
                0x000000000800a1c8        0x2 /opt/st/stm32cubeide_1.10.1/plugins/com.st.stm32cube.ide.mcu.externaltools.gnu-tools-for-stm32.10.3-2021.10.linux64_1.0.0.202111181127/tools/bin/../lib/gcc/arm-none-eabi/10.3.1/../../../../arm-none-eabi/lib/thumb/v7e-m+fp/hard/libc_nano.a(lib_a-lock.o)
                0x000000000800a1c8                __retarget_lock_acquire_recursive
 .text.__retarget_lock_release_recursive
                0x000000000800a1ca        0x2 /opt/st/stm32cubeide_1.10.1/plugins/com.st.stm32cube.ide.mcu.externaltools.gnu-tools-for-stm32.10.3-2021.10.linux64_1.0.0.202111181127/tools/bin/../lib/gcc/arm-none-eabi/10.3.1/../../../../arm-none-eabi/lib/thumb/v7e-m+fp/hard/libc_nano.a(lib_a-lock.o)
                0x000000000800a1ca                __retarget_lock_release_recursive
 .text.__swhatbuf_r
                0x000000000800a1cc       0x4a /opt/st/stm32cubeide_1.10.1/plugins/com.st.stm32cube.ide.mcu.externaltools.gnu-tools-for-stm32.10.3-2021.10.linux64_1.0.0.202111181127/tools/bin/../lib/gcc/arm-none-eabi/10.3.1/../../../../arm-none-eabi/lib/thumb/v7e-m+fp/hard/libc_nano.a(lib_a-makebuf.o)
                0x000000000800a1cc                __swhatbuf_r
 *fill*         0x000000000800a216        0x2 
 .text.__smakebuf_r
                0x000000000800a218       0x80 /opt/st/stm32cubeide_1.10.1/plugins/com.st.stm32cube.ide.mcu.externaltools.gnu-tools-for-stm32.10.3-2021.10.linux64_1.0.0.202111181127/tools/bin/../lib/gcc/arm-none-eabi/10.3.1/../../../../arm-none-eabi/lib/thumb/v7e-m+fp/hard/libc_nano.a(lib_a-makebuf.o)
                0x000000000800a218                __smakebuf_r
 .text.__malloc_lock
                0x000000000800a298        0xc /opt/st/stm32cubeide_1.10.1/plugins/com.st.stm32cube.ide.mcu.externaltools.gnu-tools-for-stm32.10.3-2021.10.linux64_1.0.0.202111181127/tools/bin/../lib/gcc/arm-none-eabi/10.3.1/../../../../arm-none-eabi/lib/thumb/v7e-m+fp/hard/libc_nano.a(lib_a-mlock.o)
                0x000000000800a298                __malloc_lock
 .text.__malloc_unlock
                0x000000000800a2a4        0xc /opt/st/stm32cubeide_1.10.1/plugins/com.st.stm32cube.ide.mcu.externaltools.gnu-tools-for-stm32.10.3-2021.10.linux64_1.0.0.202111181127/tools/bin/../lib/gcc/arm-none-eabi/10.3.1/../../../../arm-none-eabi/lib/thumb/v7e-m+fp/hard/libc_nano.a(lib_a-mlock.o)
                0x000000000800a2a4                __malloc_unlock
 .text._raise_r
                0x000000000800a2b0       0x50 /opt/st/stm32cubeide_1.10.1/plugins/com.st.stm32cube.ide.mcu.externaltools.gnu-tools-for-stm32.10.3-2021.10.linux64_1.0.0.202111181127/tools/bin/../lib/gcc/arm-none-eabi/10.3.1/../../../../arm-none-eabi/lib/thumb/v7e-m+fp/hard/libc_nano.a(lib_a-signal.o)
                0x000000000800a2b0                _raise_r
 .text.raise    0x000000000800a300       0x10 /opt/st/stm32cubeide_1.10.1/plugins/com.st.stm32cube.ide.mcu.externaltools.gnu-tools-for-stm32.10.3-2021.10.linux64_1.0.0.202111181127/tools/bin/../lib/gcc/arm-none-eabi/10.3.1/../../../../arm-none-eabi/lib/thumb/v7e-m+fp/hard/libc_nano.a(lib_a-signal.o)
                0x000000000800a300                raise
 .text._kill_r  0x000000000800a310       0x24 /opt/st/stm32cubeide_1.10.1/plugins/com.st.stm32cube.ide.mcu.externaltools.gnu-tools-for-stm32.10.3-2021.10.linux64_1.0.0.202111181127/tools/bin/../lib/gcc/arm-none-eabi/10.3.1/../../../../arm-none-eabi/lib/thumb/v7e-m+fp/hard/libc_nano.a(lib_a-signalr.o)
                0x000000000800a310                _kill_r
 .text._getpid_r
                0x000000000800a334        0x4 /opt/st/stm32cubeide_1.10.1/plugins/com.st.stm32cube.ide.mcu.externaltools.gnu-tools-for-stm32.10.3-2021.10.linux64_1.0.0.202111181127/tools/bin/../lib/gcc/arm-none-eabi/10.3.1/../../../../arm-none-eabi/lib/thumb/v7e-m+fp/hard/libc_nano.a(lib_a-signalr.o)
                0x000000000800a334                _getpid_r
 .text.__sread  0x000000000800a338       0x22 /opt/st/stm32cubeide_1.10.1/plugins/com.st.stm32cube.ide.mcu.externaltools.gnu-tools-for-stm32.10.3-2021.10.linux64_1.0.0.202111181127/tools/bin/../lib/gcc/arm-none-eabi/10.3.1/../../../../arm-none-eabi/lib/thumb/v7e-m+fp/hard/libc_nano.a(lib_a-stdio.o)
                0x000000000800a338                __sread
 .text.__swrite
                0x000000000800a35a       0x38 /opt/st/stm32cubeide_1.10.1/plugins/com.st.stm32cube.ide.mcu.externaltools.gnu-tools-for-stm32.10.3-2021.10.linux64_1.0.0.202111181127/tools/bin/../lib/gcc/arm-none-eabi/10.3.1/../../../../arm-none-eabi/lib/thumb/v7e-m+fp/hard/libc_nano.a(lib_a-stdio.o)
                0x000000000800a35a                __swrite
 .text.__sseek  0x000000000800a392       0x24 /opt/st/stm32cubeide_1.10.1/plugins/com.st.stm32cube.ide.mcu.externaltools.gnu-tools-for-stm32.10.3-2021.10.linux64_1.0.0.202111181127/tools/bin/../lib/gcc/arm-none-eabi/10.3.1/../../../../arm-none-eabi/lib/thumb/v7e-m+fp/hard/libc_nano.a(lib_a-stdio.o)
                0x000000000800a392                __sseek
 .text.__sclose
                0x000000000800a3b6        0x8 /opt/st/stm32cubeide_1.10.1/plugins/com.st.stm32cube.ide.mcu.externaltools.gnu-tools-for-stm32.10.3-2021.10.linux64_1.0.0.202111181127/tools/bin/../lib/gcc/arm-none-eabi/10.3.1/../../../../arm-none-eabi/lib/thumb/v7e-m+fp/hard/libc_nano.a(lib_a-stdio.o)
                0x000000000800a3b6                __sclose
 *fill*         0x000000000800a3be        0x2 
 .text._write_r
                0x000000000800a3c0       0x24 /opt/st/stm32cubeide_1.10.1/plugins/com.st.stm32cube.ide.mcu.externaltools.gnu-tools-for-stm32.10.3-2021.10.linux64_1.0.0.202111181127/tools/bin/../lib/gcc/arm-none-eabi/10.3.1/../../../../arm-none-eabi/lib/thumb/v7e-m+fp/hard/libc_nano.a(lib_a-writer.o)
                0x000000000800a3c0                _write_r
 .text._close_r
                0x000000000800a3e4       0x20 /opt/st/stm32cubeide_1.10.1/plugins/com.st.stm32cube.ide.mcu.externaltools.gnu-tools-for-stm32.10.3-2021.10.linux64_1.0.0.202111181127/tools/bin/../lib/gcc/arm-none-eabi/10.3.1/../../../../arm-none-eabi/lib/thumb/v7e-m+fp/hard/libc_nano.a(lib_a-closer.o)
                0x000000000800a3e4                _close_r
 .text._fstat_r
                0x000000000800a404       0x24 /opt/st/stm32cubeide_1.10.1/plugins/com.st.stm32cube.ide.mcu.externaltools.gnu-tools-for-stm32.10.3-2021.10.linux64_1.0.0.202111181127/tools/bin/../lib/gcc/arm-none-eabi/10.3.1/../../../../arm-none-eabi/lib/thumb/v7e-m+fp/hard/libc_nano.a(lib_a-fstatr.o)
                0x000000000800a404                _fstat_r
 .text._isatty_r
                0x000000000800a428       0x20 /opt/st/stm32cubeide_1.10.1/plugins/com.st.stm32cube.ide.mcu.externaltools.gnu-tools-for-stm32.10.3-2021.10.linux64_1.0.0.202111181127/tools/bin/../lib/gcc/arm-none-eabi/10.3.1/../../../../arm-none-eabi/lib/thumb/v7e-m+fp/hard/libc_nano.a(lib_a-isattyr.o)
                0x000000000800a428                _isatty_r
 .text._lseek_r
                0x000000000800a448       0x24 /opt/st/stm32cubeide_1.10.1/plugins/com.st.stm32cube.ide.mcu.externaltools.gnu-tools-for-stm32.10.3-2021.10.linux64_1.0.0.202111181127/tools/bin/../lib/gcc/arm-none-eabi/10.3.1/../../../../arm-none-eabi/lib/thumb/v7e-m+fp/hard/libc_nano.a(lib_a-lseekr.o)
                0x000000000800a448                _lseek_r
 .text._read_r  0x000000000800a46c       0x24 /opt/st/stm32cubeide_1.10.1/plugins/com.st.stm32cube.ide.mcu.externaltools.gnu-tools-for-stm32.10.3-2021.10.linux64_1.0.0.202111181127/tools/bin/../lib/gcc/arm-none-eabi/10.3.1/../../../../arm-none-eabi/lib/thumb/v7e-m+fp/hard/libc_nano.a(lib_a-readr.o)
                0x000000000800a46c                _read_r
 *(.glue_7)
 .glue_7        0x000000000800a490        0x0 linker stubs
 *(.glue_7t)
 .glue_7t       0x000000000800a490        0x0 linker stubs
 *(.eh_frame)
 .eh_frame      0x000000000800a490        0x0 /opt/st/stm32cubeide_1.10.1/plugins/com.st.stm32cube.ide.mcu.externaltools.gnu-tools-for-stm32.10.3-2021.10.linux64_1.0.0.202111181127/tools/bin/../lib/gcc/arm-none-eabi/10.3.1/thumb/v7e-m+fp/hard/crtbegin.o
 *(.init)
 .init          0x000000000800a490        0x4 /opt/st/stm32cubeide_1.10.1/plugins/com.st.stm32cube.ide.mcu.externaltools.gnu-tools-for-stm32.10.3-2021.10.linux64_1.0.0.202111181127/tools/bin/../lib/gcc/arm-none-eabi/10.3.1/thumb/v7e-m+fp/hard/crti.o
                0x000000000800a490                _init
 .init          0x000000000800a494        0x8 /opt/st/stm32cubeide_1.10.1/plugins/com.st.stm32cube.ide.mcu.externaltools.gnu-tools-for-stm32.10.3-2021.10.linux64_1.0.0.202111181127/tools/bin/../lib/gcc/arm-none-eabi/10.3.1/thumb/v7e-m+fp/hard/crtn.o
 *(.fini)
 .fini          0x000000000800a49c        0x4 /opt/st/stm32cubeide_1.10.1/plugins/com.st.stm32cube.ide.mcu.externaltools.gnu-tools-for-stm32.10.3-2021.10.linux64_1.0.0.202111181127/tools/bin/../lib/gcc/arm-none-eabi/10.3.1/thumb/v7e-m+fp/hard/crti.o
                0x000000000800a49c                _fini
 .fini          0x000000000800a4a0        0x8 /opt/st/stm32cubeide_1.10.1/plugins/com.st.stm32cube.ide.mcu.externaltools.gnu-tools-for-stm32.10.3-2021.10.linux64_1.0.0.202111181127/tools/bin/../lib/gcc/arm-none-eabi/10.3.1/thumb/v7e-m+fp/hard/crtn.o
                0x000000000800a4a8                . = ALIGN (0x4)
                0x000000000800a4a8                _etext = .

.vfp11_veneer   0x000000000800a4a8        0x0
 .vfp11_veneer  0x000000000800a4a8        0x0 linker stubs

.v4_bx          0x000000000800a4a8        0x0
 .v4_bx         0x000000000800a4a8        0x0 linker stubs

.iplt           0x000000000800a4a8        0x0
 .iplt          0x000000000800a4a8        0x0 /opt/st/stm32cubeide_1.10.1/plugins/com.st.stm32cube.ide.mcu.externaltools.gnu-tools-for-stm32.10.3-2021.10.linux64_1.0.0.202111181127/tools/bin/../lib/gcc/arm-none-eabi/10.3.1/thumb/v7e-m+fp/hard/crtbegin.o

.rodata         0x000000000800a4a8      0xc0c
                0x000000000800a4a8                . = ALIGN (0x4)
 *(.rodata)
 .rodata        0x000000000800a4a8      0x936 ./Middleware/littleFS/src/lfs.o
 *fill*         0x000000000800adde        0x2 
 .rodata        0x000000000800ade0       0x2f ./project_cpp/src/project_cpp.o
 *(.rodata*)
 *fill*         0x000000000800ae0f        0x1 
 .rodata.AHBPrescTable
                0x000000000800ae10       0x10 ./Core/Src/system_stm32f4xx.o
                0x000000000800ae10                AHBPrescTable
 .rodata.__func__.25
                0x000000000800ae20        0xc ./Middleware/littleFS/src/lfs.o
 .rodata.__func__.24
                0x000000000800ae2c        0xd ./Middleware/littleFS/src/lfs.o
 *fill*         0x000000000800ae39        0x3 
 .rodata.__func__.23
                0x000000000800ae3c        0xc ./Middleware/littleFS/src/lfs.o
 .rodata.__func__.22
                0x000000000800ae48        0xc ./Middleware/littleFS/src/lfs.o
 .rodata.__func__.21
                0x000000000800ae54        0xd ./Middleware/littleFS/src/lfs.o
 *fill*         0x000000000800ae61        0x3 
 .rodata.__func__.20
                0x000000000800ae64       0x11 ./Middleware/littleFS/src/lfs.o
 *fill*         0x000000000800ae75        0x3 
 .rodata.__func__.19
                0x000000000800ae78       0x10 ./Middleware/littleFS/src/lfs.o
 .rodata.__func__.18
                0x000000000800ae88       0x19 ./Middleware/littleFS/src/lfs.o
 *fill*         0x000000000800aea1        0x3 
 .rodata.__func__.17
                0x000000000800aea4       0x18 ./Middleware/littleFS/src/lfs.o
 .rodata.defaults.16
                0x000000000800aebc        0xc ./Middleware/littleFS/src/lfs.o
 .rodata.__func__.15
                0x000000000800aec8       0x11 ./Middleware/littleFS/src/lfs.o
 *fill*         0x000000000800aed9        0x3 
 .rodata.__func__.14
                0x000000000800aedc       0x12 ./Middleware/littleFS/src/lfs.o
 *fill*         0x000000000800aeee        0x2 
 .rodata.__func__.12
                0x000000000800aef0        0x9 ./Middleware/littleFS/src/lfs.o
 *fill*         0x000000000800aef9        0x3 
 .rodata.__func__.11
                0x000000000800aefc       0x13 ./Middleware/littleFS/src/lfs.o
 *fill*         0x000000000800af0f        0x1 
 .rodata.__func__.10
                0x000000000800af10        0xe ./Middleware/littleFS/src/lfs.o
 *fill*         0x000000000800af1e        0x2 
 .rodata.__func__.8
                0x000000000800af20        0xf ./Middleware/littleFS/src/lfs.o
 *fill*         0x000000000800af2f        0x1 
 .rodata.__func__.6
                0x000000000800af30        0xe ./Middleware/littleFS/src/lfs.o
 *fill*         0x000000000800af3e        0x2 
 .rodata.__func__.5
                0x000000000800af40        0xf ./Middleware/littleFS/src/lfs.o
 *fill*         0x000000000800af4f        0x1 
 .rodata.rtable.0
                0x000000000800af50       0x40 ./Middleware/littleFS/src/lfs_util.o
 .rodata._ZL16CMD_WRITE_ENABLE
                0x000000000800af90        0x1 ./modules/src/W25Qx_module.o
 .rodata._ZL19CMD_READ_STATUS_REG
                0x000000000800af91        0x1 ./modules/src/W25Qx_module.o
 *fill*         0x000000000800af92        0x2 
 .rodata._ZL3cfg
                0x000000000800af94       0x4c ./project_cpp/src/project_cpp.o
 .rodata.__assert_func.str1.1
                0x000000000800afe0       0x3c /opt/st/stm32cubeide_1.10.1/plugins/com.st.stm32cube.ide.mcu.externaltools.gnu-tools-for-stm32.10.3-2021.10.linux64_1.0.0.202111181127/tools/bin/../lib/gcc/arm-none-eabi/10.3.1/../../../../arm-none-eabi/lib/thumb/v7e-m+fp/hard/libc_nano.a(lib_a-assert.o)
                                         0x3d (size before relaxing)
 .rodata._global_impure_ptr
                0x000000000800b01c        0x4 /opt/st/stm32cubeide_1.10.1/plugins/com.st.stm32cube.ide.mcu.externaltools.gnu-tools-for-stm32.10.3-2021.10.linux64_1.0.0.202111181127/tools/bin/../lib/gcc/arm-none-eabi/10.3.1/../../../../arm-none-eabi/lib/thumb/v7e-m+fp/hard/libc_nano.a(lib_a-impure.o)
                0x000000000800b01c                _global_impure_ptr
 .rodata._vfprintf_r.str1.1
                0x000000000800b020       0x11 /opt/st/stm32cubeide_1.10.1/plugins/com.st.stm32cube.ide.mcu.externaltools.gnu-tools-for-stm32.10.3-2021.10.linux64_1.0.0.202111181127/tools/bin/../lib/gcc/arm-none-eabi/10.3.1/../../../../arm-none-eabi/lib/thumb/v7e-m+fp/hard/libc_nano.a(lib_a-nano-vfprintf.o)
 .rodata._printf_i.str1.1
                0x000000000800b031       0x22 /opt/st/stm32cubeide_1.10.1/plugins/com.st.stm32cube.ide.mcu.externaltools.gnu-tools-for-stm32.10.3-2021.10.linux64_1.0.0.202111181127/tools/bin/../lib/gcc/arm-none-eabi/10.3.1/../../../../arm-none-eabi/lib/thumb/v7e-m+fp/hard/libc_nano.a(lib_a-nano-vfprintf_i.o)
 *fill*         0x000000000800b053        0x1 
 .rodata.__sf_fake_stderr
                0x000000000800b054       0x20 /opt/st/stm32cubeide_1.10.1/plugins/com.st.stm32cube.ide.mcu.externaltools.gnu-tools-for-stm32.10.3-2021.10.linux64_1.0.0.202111181127/tools/bin/../lib/gcc/arm-none-eabi/10.3.1/../../../../arm-none-eabi/lib/thumb/v7e-m+fp/hard/libc_nano.a(lib_a-findfp.o)
                0x000000000800b054                __sf_fake_stderr
 .rodata.__sf_fake_stdin
                0x000000000800b074       0x20 /opt/st/stm32cubeide_1.10.1/plugins/com.st.stm32cube.ide.mcu.externaltools.gnu-tools-for-stm32.10.3-2021.10.linux64_1.0.0.202111181127/tools/bin/../lib/gcc/arm-none-eabi/10.3.1/../../../../arm-none-eabi/lib/thumb/v7e-m+fp/hard/libc_nano.a(lib_a-findfp.o)
                0x000000000800b074                __sf_fake_stdin
 .rodata.__sf_fake_stdout
                0x000000000800b094       0x20 /opt/st/stm32cubeide_1.10.1/plugins/com.st.stm32cube.ide.mcu.externaltools.gnu-tools-for-stm32.10.3-2021.10.linux64_1.0.0.202111181127/tools/bin/../lib/gcc/arm-none-eabi/10.3.1/../../../../arm-none-eabi/lib/thumb/v7e-m+fp/hard/libc_nano.a(lib_a-findfp.o)
                0x000000000800b094                __sf_fake_stdout
                0x000000000800b0b4                . = ALIGN (0x4)

.ARM.extab      0x000000000800b0b4        0x0
                0x000000000800b0b4                . = ALIGN (0x4)
 *(.ARM.extab* .gnu.linkonce.armextab.*)
                0x000000000800b0b4                . = ALIGN (0x4)

.ARM            0x000000000800b0b4        0x8
                0x000000000800b0b4                . = ALIGN (0x4)
                0x000000000800b0b4                __exidx_start = .
 *(.ARM.exidx*)
 .ARM.exidx     0x000000000800b0b4        0x8 /opt/st/stm32cubeide_1.10.1/plugins/com.st.stm32cube.ide.mcu.externaltools.gnu-tools-for-stm32.10.3-2021.10.linux64_1.0.0.202111181127/tools/bin/../lib/gcc/arm-none-eabi/10.3.1/thumb/v7e-m+fp/hard/libgcc.a(_udivmoddi4.o)
                0x000000000800b0bc                __exidx_end = .
                0x000000000800b0bc                . = ALIGN (0x4)

.rel.dyn        0x000000000800b0bc        0x0
 .rel.iplt      0x000000000800b0bc        0x0 /opt/st/stm32cubeide_1.10.1/plugins/com.st.stm32cube.ide.mcu.externaltools.gnu-tools-for-stm32.10.3-2021.10.linux64_1.0.0.202111181127/tools/bin/../lib/gcc/arm-none-eabi/10.3.1/thumb/v7e-m+fp/hard/crtbegin.o

.preinit_array  0x000000000800b0bc        0x0
                0x000000000800b0bc                . = ALIGN (0x4)
                0x000000000800b0bc                PROVIDE (__preinit_array_start = .)
 *(.preinit_array*)
                0x000000000800b0bc                PROVIDE (__preinit_array_end = .)
                0x000000000800b0bc                . = ALIGN (0x4)

.init_array     0x000000000800b0bc        0x8
                0x000000000800b0bc                . = ALIGN (0x4)
                0x000000000800b0bc                PROVIDE (__init_array_start = .)
 *(SORT_BY_NAME(.init_array.*))
 *(.init_array*)
 .init_array    0x000000000800b0bc        0x4 /opt/st/stm32cubeide_1.10.1/plugins/com.st.stm32cube.ide.mcu.externaltools.gnu-tools-for-stm32.10.3-2021.10.linux64_1.0.0.202111181127/tools/bin/../lib/gcc/arm-none-eabi/10.3.1/thumb/v7e-m+fp/hard/crtbegin.o
 .init_array    0x000000000800b0c0        0x4 ./modules/src/littleFSInterface.o
                0x000000000800b0c4                PROVIDE (__init_array_end = .)
                0x000000000800b0c4                . = ALIGN (0x4)

.fini_array     0x000000000800b0c4        0x4
                0x000000000800b0c4                . = ALIGN (0x4)
                [!provide]                        PROVIDE (__fini_array_start = .)
 *(SORT_BY_NAME(.fini_array.*))
 *(.fini_array*)
 .fini_array    0x000000000800b0c4        0x4 /opt/st/stm32cubeide_1.10.1/plugins/com.st.stm32cube.ide.mcu.externaltools.gnu-tools-for-stm32.10.3-2021.10.linux64_1.0.0.202111181127/tools/bin/../lib/gcc/arm-none-eabi/10.3.1/thumb/v7e-m+fp/hard/crtbegin.o
                [!provide]                        PROVIDE (__fini_array_end = .)
                0x000000000800b0c8                . = ALIGN (0x4)
                0x000000000800b0c8                _sidata = LOADADDR (.data)

.data           0x0000000020000000       0x70 load address 0x000000000800b0c8
                0x0000000020000000                . = ALIGN (0x4)
                0x0000000020000000                _sdata = .
 *(.data)
 *(.data*)
 .data.SystemCoreClock
                0x0000000020000000        0x4 ./Core/Src/system_stm32f4xx.o
                0x0000000020000000                SystemCoreClock
 .data.uwTickPrio
                0x0000000020000004        0x4 ./Drivers/STM32F4xx_HAL_Driver/Src/stm32f4xx_hal.o
                0x0000000020000004                uwTickPrio
 .data.uwTickFreq
                0x0000000020000008        0x1 ./Drivers/STM32F4xx_HAL_Driver/Src/stm32f4xx_hal.o
                0x0000000020000008                uwTickFreq
 *fill*         0x0000000020000009        0x3 
 .data._impure_ptr
                0x000000002000000c        0x4 /opt/st/stm32cubeide_1.10.1/plugins/com.st.stm32cube.ide.mcu.externaltools.gnu-tools-for-stm32.10.3-2021.10.linux64_1.0.0.202111181127/tools/bin/../lib/gcc/arm-none-eabi/10.3.1/../../../../arm-none-eabi/lib/thumb/v7e-m+fp/hard/libc_nano.a(lib_a-impure.o)
                0x000000002000000c                _impure_ptr
 .data.impure_data
                0x0000000020000010       0x60 /opt/st/stm32cubeide_1.10.1/plugins/com.st.stm32cube.ide.mcu.externaltools.gnu-tools-for-stm32.10.3-2021.10.linux64_1.0.0.202111181127/tools/bin/../lib/gcc/arm-none-eabi/10.3.1/../../../../arm-none-eabi/lib/thumb/v7e-m+fp/hard/libc_nano.a(lib_a-impure.o)
 *(.RamFunc)
 *(.RamFunc*)
                0x0000000020000070                . = ALIGN (0x4)
                0x0000000020000070                _edata = .
                0x000000000800b138                _siccmram = LOADADDR (.ccmram)

.igot.plt       0x0000000020000070        0x0 load address 0x000000000800b138
 .igot.plt      0x0000000020000070        0x0 /opt/st/stm32cubeide_1.10.1/plugins/com.st.stm32cube.ide.mcu.externaltools.gnu-tools-for-stm32.10.3-2021.10.linux64_1.0.0.202111181127/tools/bin/../lib/gcc/arm-none-eabi/10.3.1/thumb/v7e-m+fp/hard/crtbegin.o

.ccmram         0x0000000010000000        0x0 load address 0x000000000800b138
                0x0000000010000000                . = ALIGN (0x4)
                0x0000000010000000                _sccmram = .
 *(.ccmram)
 *(.ccmram*)
                0x0000000010000000                . = ALIGN (0x4)
                0x0000000010000000                _eccmram = .
                0x0000000010000000                . = ALIGN (0x4)

.bss            0x0000000020000070       0xa4
                0x0000000020000070                _sbss = .
                0x0000000020000070                __bss_start__ = _sbss
 *(.bss)
 .bss           0x0000000020000070       0x1c /opt/st/stm32cubeide_1.10.1/plugins/com.st.stm32cube.ide.mcu.externaltools.gnu-tools-for-stm32.10.3-2021.10.linux64_1.0.0.202111181127/tools/bin/../lib/gcc/arm-none-eabi/10.3.1/thumb/v7e-m+fp/hard/crtbegin.o
 *(.bss*)
 .bss.__sbrk_heap_end
                0x000000002000008c        0x4 ./Core/Src/sysmem.o
 .bss.uwTick    0x0000000020000090        0x4 ./Drivers/STM32F4xx_HAL_Driver/Src/stm32f4xx_hal.o
                0x0000000020000090                uwTick
 .bss.myFlash   0x0000000020000094        0xc ./modules/src/littleFSInterface.o
                0x0000000020000094                myFlash
 .bss.mySPIHandler
                0x00000000200000a0       0x58 ./modules/src/spi_module.o
                0x00000000200000a0                mySPIHandler
 .bss._ZZN3SPI11getInstanceEvE8instance
                0x00000000200000f8        0x8 ./modules/src/spi_module.o
 .bss._ZGVZN3SPI11getInstanceEvE8instance
                0x0000000020000100        0x4 ./modules/src/spi_module.o
 .bss.__malloc_free_list
                0x0000000020000104        0x4 /opt/st/stm32cubeide_1.10.1/plugins/com.st.stm32cube.ide.mcu.externaltools.gnu-tools-for-stm32.10.3-2021.10.linux64_1.0.0.202111181127/tools/bin/../lib/gcc/arm-none-eabi/10.3.1/../../../../arm-none-eabi/lib/thumb/v7e-m+fp/hard/libc_nano.a(lib_a-nano-mallocr.o)
                0x0000000020000104                __malloc_free_list
 .bss.__malloc_sbrk_start
                0x0000000020000108        0x4 /opt/st/stm32cubeide_1.10.1/plugins/com.st.stm32cube.ide.mcu.externaltools.gnu-tools-for-stm32.10.3-2021.10.linux64_1.0.0.202111181127/tools/bin/../lib/gcc/arm-none-eabi/10.3.1/../../../../arm-none-eabi/lib/thumb/v7e-m+fp/hard/libc_nano.a(lib_a-nano-mallocr.o)
                0x0000000020000108                __malloc_sbrk_start
 .bss.__lock___malloc_recursive_mutex
                0x000000002000010c        0x1 /opt/st/stm32cubeide_1.10.1/plugins/com.st.stm32cube.ide.mcu.externaltools.gnu-tools-for-stm32.10.3-2021.10.linux64_1.0.0.202111181127/tools/bin/../lib/gcc/arm-none-eabi/10.3.1/../../../../arm-none-eabi/lib/thumb/v7e-m+fp/hard/libc_nano.a(lib_a-lock.o)
                0x000000002000010c                __lock___malloc_recursive_mutex
 .bss.__lock___sfp_recursive_mutex
                0x000000002000010d        0x1 /opt/st/stm32cubeide_1.10.1/plugins/com.st.stm32cube.ide.mcu.externaltools.gnu-tools-for-stm32.10.3-2021.10.linux64_1.0.0.202111181127/tools/bin/../lib/gcc/arm-none-eabi/10.3.1/../../../../arm-none-eabi/lib/thumb/v7e-m+fp/hard/libc_nano.a(lib_a-lock.o)
                0x000000002000010d                __lock___sfp_recursive_mutex
 .bss.__lock___sinit_recursive_mutex
                0x000000002000010e        0x1 /opt/st/stm32cubeide_1.10.1/plugins/com.st.stm32cube.ide.mcu.externaltools.gnu-tools-for-stm32.10.3-2021.10.linux64_1.0.0.202111181127/tools/bin/../lib/gcc/arm-none-eabi/10.3.1/../../../../arm-none-eabi/lib/thumb/v7e-m+fp/hard/libc_nano.a(lib_a-lock.o)
                0x000000002000010e                __lock___sinit_recursive_mutex
 *fill*         0x000000002000010f        0x1 
 .bss.errno     0x0000000020000110        0x4 /opt/st/stm32cubeide_1.10.1/plugins/com.st.stm32cube.ide.mcu.externaltools.gnu-tools-for-stm32.10.3-2021.10.linux64_1.0.0.202111181127/tools/bin/../lib/gcc/arm-none-eabi/10.3.1/../../../../arm-none-eabi/lib/thumb/v7e-m+fp/hard/libc_nano.a(lib_a-reent.o)
                0x0000000020000110                errno
 *(COMMON)
                0x0000000020000114                . = ALIGN (0x4)
                0x0000000020000114                _ebss = .
                0x0000000020000114                __bss_end__ = _ebss

._user_heap_stack
                0x0000000020000114      0x604
                0x0000000020000118                . = ALIGN (0x8)
 *fill*         0x0000000020000114        0x4 
                [!provide]                        PROVIDE (end = .)
                0x0000000020000118                PROVIDE (_end = .)
                0x0000000020000318                . = (. + _Min_Heap_Size)
 *fill*         0x0000000020000118      0x200 
                0x0000000020000718                . = (. + _Min_Stack_Size)
 *fill*         0x0000000020000318      0x400 
                0x0000000020000718                . = ALIGN (0x8)

/DISCARD/
 libc.a(*)
 libm.a(*)
 libgcc.a(*)

.ARM.attributes
                0x0000000000000000       0x30
 *(.ARM.attributes)
 .ARM.attributes
                0x0000000000000000       0x1e /opt/st/stm32cubeide_1.10.1/plugins/com.st.stm32cube.ide.mcu.externaltools.gnu-tools-for-stm32.10.3-2021.10.linux64_1.0.0.202111181127/tools/bin/../lib/gcc/arm-none-eabi/10.3.1/thumb/v7e-m+fp/hard/crti.o
 .ARM.attributes
                0x000000000000001e       0x34 /opt/st/stm32cubeide_1.10.1/plugins/com.st.stm32cube.ide.mcu.externaltools.gnu-tools-for-stm32.10.3-2021.10.linux64_1.0.0.202111181127/tools/bin/../lib/gcc/arm-none-eabi/10.3.1/thumb/v7e-m+fp/hard/crtbegin.o
 .ARM.attributes
                0x0000000000000052       0x34 ./Core/Src/main.o
 .ARM.attributes
                0x0000000000000086       0x34 ./Core/Src/stm32f4xx_hal_msp.o
 .ARM.attributes
                0x00000000000000ba       0x34 ./Core/Src/stm32f4xx_it.o
 .ARM.attributes
                0x00000000000000ee       0x34 ./Core/Src/syscalls.o
 .ARM.attributes
                0x0000000000000122       0x34 ./Core/Src/sysmem.o
 .ARM.attributes
                0x0000000000000156       0x34 ./Core/Src/system_stm32f4xx.o
 .ARM.attributes
                0x000000000000018a       0x21 ./Core/Startup/startup_stm32f429zitx.o
 .ARM.attributes
                0x00000000000001ab       0x34 ./Drivers/STM32F4xx_HAL_Driver/Src/stm32f4xx_hal.o
 .ARM.attributes
                0x00000000000001df       0x34 ./Drivers/STM32F4xx_HAL_Driver/Src/stm32f4xx_hal_cortex.o
 .ARM.attributes
                0x0000000000000213       0x34 ./Drivers/STM32F4xx_HAL_Driver/Src/stm32f4xx_hal_gpio.o
 .ARM.attributes
                0x0000000000000247       0x34 ./Drivers/STM32F4xx_HAL_Driver/Src/stm32f4xx_hal_rcc.o
 .ARM.attributes
                0x000000000000027b       0x34 ./Drivers/STM32F4xx_HAL_Driver/Src/stm32f4xx_hal_spi.o
 .ARM.attributes
                0x00000000000002af       0x34 ./Middleware/littleFS/src/lfs.o
 .ARM.attributes
                0x00000000000002e3       0x34 ./Middleware/littleFS/src/lfs_util.o
 .ARM.attributes
                0x0000000000000317       0x34 ./modules/src/W25Qx_module.o
 .ARM.attributes
                0x000000000000034b       0x34 ./modules/src/gpio_module.o
 .ARM.attributes
                0x000000000000037f       0x34 ./modules/src/littleFSInterface.o
 .ARM.attributes
                0x00000000000003b3       0x34 ./modules/src/spi_module.o
 .ARM.attributes
                0x00000000000003e7       0x34 ./project_cpp/src/project_cpp.o
 .ARM.attributes
                0x000000000000041b       0x34 /opt/st/stm32cubeide_1.10.1/plugins/com.st.stm32cube.ide.mcu.externaltools.gnu-tools-for-stm32.10.3-2021.10.linux64_1.0.0.202111181127/tools/bin/../lib/gcc/arm-none-eabi/10.3.1/../../../../arm-none-eabi/lib/thumb/v7e-m+fp/hard/libstdc++_nano.a(guard.o)
 .ARM.attributes
                0x000000000000044f       0x34 /opt/st/stm32cubeide_1.10.1/plugins/com.st.stm32cube.ide.mcu.externaltools.gnu-tools-for-stm32.10.3-2021.10.linux64_1.0.0.202111181127/tools/bin/../lib/gcc/arm-none-eabi/10.3.1/../../../../arm-none-eabi/lib/thumb/v7e-m+fp/hard/libc_nano.a(lib_a-assert.o)
 .ARM.attributes
                0x0000000000000483       0x34 /opt/st/stm32cubeide_1.10.1/plugins/com.st.stm32cube.ide.mcu.externaltools.gnu-tools-for-stm32.10.3-2021.10.linux64_1.0.0.202111181127/tools/bin/../lib/gcc/arm-none-eabi/10.3.1/../../../../arm-none-eabi/lib/thumb/v7e-m+fp/hard/libc_nano.a(lib_a-errno.o)
 .ARM.attributes
                0x00000000000004b7       0x34 /opt/st/stm32cubeide_1.10.1/plugins/com.st.stm32cube.ide.mcu.externaltools.gnu-tools-for-stm32.10.3-2021.10.linux64_1.0.0.202111181127/tools/bin/../lib/gcc/arm-none-eabi/10.3.1/../../../../arm-none-eabi/lib/thumb/v7e-m+fp/hard/libc_nano.a(lib_a-fprintf.o)
 .ARM.attributes
                0x00000000000004eb       0x34 /opt/st/stm32cubeide_1.10.1/plugins/com.st.stm32cube.ide.mcu.externaltools.gnu-tools-for-stm32.10.3-2021.10.linux64_1.0.0.202111181127/tools/bin/../lib/gcc/arm-none-eabi/10.3.1/../../../../arm-none-eabi/lib/thumb/v7e-m+fp/hard/libc_nano.a(lib_a-impure.o)
 .ARM.attributes
                0x000000000000051f       0x34 /opt/st/stm32cubeide_1.10.1/plugins/com.st.stm32cube.ide.mcu.externaltools.gnu-tools-for-stm32.10.3-2021.10.linux64_1.0.0.202111181127/tools/bin/../lib/gcc/arm-none-eabi/10.3.1/../../../../arm-none-eabi/lib/thumb/v7e-m+fp/hard/libc_nano.a(lib_a-init.o)
 .ARM.attributes
                0x0000000000000553       0x34 /opt/st/stm32cubeide_1.10.1/plugins/com.st.stm32cube.ide.mcu.externaltools.gnu-tools-for-stm32.10.3-2021.10.linux64_1.0.0.202111181127/tools/bin/../lib/gcc/arm-none-eabi/10.3.1/../../../../arm-none-eabi/lib/thumb/v7e-m+fp/hard/libc_nano.a(lib_a-malloc.o)
 .ARM.attributes
                0x0000000000000587       0x34 /opt/st/stm32cubeide_1.10.1/plugins/com.st.stm32cube.ide.mcu.externaltools.gnu-tools-for-stm32.10.3-2021.10.linux64_1.0.0.202111181127/tools/bin/../lib/gcc/arm-none-eabi/10.3.1/../../../../arm-none-eabi/lib/thumb/v7e-m+fp/hard/libc_nano.a(lib_a-memcmp.o)
 .ARM.attributes
                0x00000000000005bb       0x34 /opt/st/stm32cubeide_1.10.1/plugins/com.st.stm32cube.ide.mcu.externaltools.gnu-tools-for-stm32.10.3-2021.10.linux64_1.0.0.202111181127/tools/bin/../lib/gcc/arm-none-eabi/10.3.1/../../../../arm-none-eabi/lib/thumb/v7e-m+fp/hard/libc_nano.a(lib_a-memcpy-stub.o)
 .ARM.attributes
                0x00000000000005ef       0x34 /opt/st/stm32cubeide_1.10.1/plugins/com.st.stm32cube.ide.mcu.externaltools.gnu-tools-for-stm32.10.3-2021.10.linux64_1.0.0.202111181127/tools/bin/../lib/gcc/arm-none-eabi/10.3.1/../../../../arm-none-eabi/lib/thumb/v7e-m+fp/hard/libc_nano.a(lib_a-memset.o)
 .ARM.attributes
                0x0000000000000623       0x34 /opt/st/stm32cubeide_1.10.1/plugins/com.st.stm32cube.ide.mcu.externaltools.gnu-tools-for-stm32.10.3-2021.10.linux64_1.0.0.202111181127/tools/bin/../lib/gcc/arm-none-eabi/10.3.1/../../../../arm-none-eabi/lib/thumb/v7e-m+fp/hard/libc_nano.a(lib_a-nano-freer.o)
 .ARM.attributes
                0x0000000000000657       0x34 /opt/st/stm32cubeide_1.10.1/plugins/com.st.stm32cube.ide.mcu.externaltools.gnu-tools-for-stm32.10.3-2021.10.linux64_1.0.0.202111181127/tools/bin/../lib/gcc/arm-none-eabi/10.3.1/../../../../arm-none-eabi/lib/thumb/v7e-m+fp/hard/libc_nano.a(lib_a-nano-mallocr.o)
 .ARM.attributes
                0x000000000000068b       0x34 /opt/st/stm32cubeide_1.10.1/plugins/com.st.stm32cube.ide.mcu.externaltools.gnu-tools-for-stm32.10.3-2021.10.linux64_1.0.0.202111181127/tools/bin/../lib/gcc/arm-none-eabi/10.3.1/../../../../arm-none-eabi/lib/thumb/v7e-m+fp/hard/libc_nano.a(lib_a-nano-vfprintf.o)
 .ARM.attributes
                0x00000000000006bf       0x34 /opt/st/stm32cubeide_1.10.1/plugins/com.st.stm32cube.ide.mcu.externaltools.gnu-tools-for-stm32.10.3-2021.10.linux64_1.0.0.202111181127/tools/bin/../lib/gcc/arm-none-eabi/10.3.1/../../../../arm-none-eabi/lib/thumb/v7e-m+fp/hard/libc_nano.a(lib_a-nano-vfprintf_i.o)
 .ARM.attributes
                0x00000000000006f3       0x34 /opt/st/stm32cubeide_1.10.1/plugins/com.st.stm32cube.ide.mcu.externaltools.gnu-tools-for-stm32.10.3-2021.10.linux64_1.0.0.202111181127/tools/bin/../lib/gcc/arm-none-eabi/10.3.1/../../../../arm-none-eabi/lib/thumb/v7e-m+fp/hard/libc_nano.a(lib_a-printf.o)
 .ARM.attributes
                0x0000000000000727       0x34 /opt/st/stm32cubeide_1.10.1/plugins/com.st.stm32cube.ide.mcu.externaltools.gnu-tools-for-stm32.10.3-2021.10.linux64_1.0.0.202111181127/tools/bin/../lib/gcc/arm-none-eabi/10.3.1/../../../../arm-none-eabi/lib/thumb/v7e-m+fp/hard/libc_nano.a(lib_a-sbrkr.o)
 .ARM.attributes
                0x000000000000075b       0x34 /opt/st/stm32cubeide_1.10.1/plugins/com.st.stm32cube.ide.mcu.externaltools.gnu-tools-for-stm32.10.3-2021.10.linux64_1.0.0.202111181127/tools/bin/../lib/gcc/arm-none-eabi/10.3.1/../../../../arm-none-eabi/lib/thumb/v7e-m+fp/hard/libc_nano.a(lib_a-strchr.o)
 .ARM.attributes
                0x000000000000078f       0x34 /opt/st/stm32cubeide_1.10.1/plugins/com.st.stm32cube.ide.mcu.externaltools.gnu-tools-for-stm32.10.3-2021.10.linux64_1.0.0.202111181127/tools/bin/../lib/gcc/arm-none-eabi/10.3.1/../../../../arm-none-eabi/lib/thumb/v7e-m+fp/hard/libc_nano.a(lib_a-strcspn.o)
 .ARM.attributes
                0x00000000000007c3       0x17 /opt/st/stm32cubeide_1.10.1/plugins/com.st.stm32cube.ide.mcu.externaltools.gnu-tools-for-stm32.10.3-2021.10.linux64_1.0.0.202111181127/tools/bin/../lib/gcc/arm-none-eabi/10.3.1/../../../../arm-none-eabi/lib/thumb/v7e-m+fp/hard/libc_nano.a(lib_a-strlen.o)
 .ARM.attributes
                0x00000000000007da       0x34 /opt/st/stm32cubeide_1.10.1/plugins/com.st.stm32cube.ide.mcu.externaltools.gnu-tools-for-stm32.10.3-2021.10.linux64_1.0.0.202111181127/tools/bin/../lib/gcc/arm-none-eabi/10.3.1/../../../../arm-none-eabi/lib/thumb/v7e-m+fp/hard/libc_nano.a(lib_a-strspn.o)
 .ARM.attributes
                0x000000000000080e       0x34 /opt/st/stm32cubeide_1.10.1/plugins/com.st.stm32cube.ide.mcu.externaltools.gnu-tools-for-stm32.10.3-2021.10.linux64_1.0.0.202111181127/tools/bin/../lib/gcc/arm-none-eabi/10.3.1/../../../../arm-none-eabi/lib/thumb/v7e-m+fp/hard/libc_nano.a(lib_a-wbuf.o)
 .ARM.attributes
                0x0000000000000842       0x34 /opt/st/stm32cubeide_1.10.1/plugins/com.st.stm32cube.ide.mcu.externaltools.gnu-tools-for-stm32.10.3-2021.10.linux64_1.0.0.202111181127/tools/bin/../lib/gcc/arm-none-eabi/10.3.1/../../../../arm-none-eabi/lib/thumb/v7e-m+fp/hard/libc_nano.a(lib_a-wsetup.o)
 .ARM.attributes
                0x0000000000000876       0x34 /opt/st/stm32cubeide_1.10.1/plugins/com.st.stm32cube.ide.mcu.externaltools.gnu-tools-for-stm32.10.3-2021.10.linux64_1.0.0.202111181127/tools/bin/../lib/gcc/arm-none-eabi/10.3.1/../../../../arm-none-eabi/lib/thumb/v7e-m+fp/hard/libc_nano.a(lib_a-abort.o)
 .ARM.attributes
                0x00000000000008aa       0x34 /opt/st/stm32cubeide_1.10.1/plugins/com.st.stm32cube.ide.mcu.externaltools.gnu-tools-for-stm32.10.3-2021.10.linux64_1.0.0.202111181127/tools/bin/../lib/gcc/arm-none-eabi/10.3.1/../../../../arm-none-eabi/lib/thumb/v7e-m+fp/hard/libc_nano.a(lib_a-fflush.o)
 .ARM.attributes
                0x00000000000008de       0x34 /opt/st/stm32cubeide_1.10.1/plugins/com.st.stm32cube.ide.mcu.externaltools.gnu-tools-for-stm32.10.3-2021.10.linux64_1.0.0.202111181127/tools/bin/../lib/gcc/arm-none-eabi/10.3.1/../../../../arm-none-eabi/lib/thumb/v7e-m+fp/hard/libc_nano.a(lib_a-findfp.o)
 .ARM.attributes
                0x0000000000000912       0x34 /opt/st/stm32cubeide_1.10.1/plugins/com.st.stm32cube.ide.mcu.externaltools.gnu-tools-for-stm32.10.3-2021.10.linux64_1.0.0.202111181127/tools/bin/../lib/gcc/arm-none-eabi/10.3.1/../../../../arm-none-eabi/lib/thumb/v7e-m+fp/hard/libc_nano.a(lib_a-fwalk.o)
 .ARM.attributes
                0x0000000000000946       0x34 /opt/st/stm32cubeide_1.10.1/plugins/com.st.stm32cube.ide.mcu.externaltools.gnu-tools-for-stm32.10.3-2021.10.linux64_1.0.0.202111181127/tools/bin/../lib/gcc/arm-none-eabi/10.3.1/../../../../arm-none-eabi/lib/thumb/v7e-m+fp/hard/libc_nano.a(lib_a-lock.o)
 .ARM.attributes
                0x000000000000097a       0x34 /opt/st/stm32cubeide_1.10.1/plugins/com.st.stm32cube.ide.mcu.externaltools.gnu-tools-for-stm32.10.3-2021.10.linux64_1.0.0.202111181127/tools/bin/../lib/gcc/arm-none-eabi/10.3.1/../../../../arm-none-eabi/lib/thumb/v7e-m+fp/hard/libc_nano.a(lib_a-makebuf.o)
 .ARM.attributes
                0x00000000000009ae       0x1c /opt/st/stm32cubeide_1.10.1/plugins/com.st.stm32cube.ide.mcu.externaltools.gnu-tools-for-stm32.10.3-2021.10.linux64_1.0.0.202111181127/tools/bin/../lib/gcc/arm-none-eabi/10.3.1/../../../../arm-none-eabi/lib/thumb/v7e-m+fp/hard/libc_nano.a(lib_a-memchr.o)
 .ARM.attributes